Archive member included to satisfy reference by file (symbol)

/Applications/STM32CubeIDE.app/Contents/Eclipse/plugins/com.st.stm32cube.ide.mcu.externaltools.gnu-tools-for-stm32.9-2020-q2-update.macos64_2.0.0.202105311346/tools/bin/../lib/gcc/arm-none-eabi/9.3.1/../../../../arm-none-eabi/lib/thumb/v7e-m+fp/hard/libc_nano.a(lib_a-errno.o)
                              ./Core/Src/syscalls.o (__errno)
/Applications/STM32CubeIDE.app/Contents/Eclipse/plugins/com.st.stm32cube.ide.mcu.externaltools.gnu-tools-for-stm32.9-2020-q2-update.macos64_2.0.0.202105311346/tools/bin/../lib/gcc/arm-none-eabi/9.3.1/../../../../arm-none-eabi/lib/thumb/v7e-m+fp/hard/libc_nano.a(lib_a-exit.o)
                              /Applications/STM32CubeIDE.app/Contents/Eclipse/plugins/com.st.stm32cube.ide.mcu.externaltools.gnu-tools-for-stm32.9-2020-q2-update.macos64_2.0.0.202105311346/tools/bin/../lib/gcc/arm-none-eabi/9.3.1/../../../../arm-none-eabi/lib/thumb/v7e-m+fp/hard/crt0.o (exit)
/Applications/STM32CubeIDE.app/Contents/Eclipse/plugins/com.st.stm32cube.ide.mcu.externaltools.gnu-tools-for-stm32.9-2020-q2-update.macos64_2.0.0.202105311346/tools/bin/../lib/gcc/arm-none-eabi/9.3.1/../../../../arm-none-eabi/lib/thumb/v7e-m+fp/hard/libc_nano.a(lib_a-impure.o)
                              /Applications/STM32CubeIDE.app/Contents/Eclipse/plugins/com.st.stm32cube.ide.mcu.externaltools.gnu-tools-for-stm32.9-2020-q2-update.macos64_2.0.0.202105311346/tools/bin/../lib/gcc/arm-none-eabi/9.3.1/../../../../arm-none-eabi/lib/thumb/v7e-m+fp/hard/libc_nano.a(lib_a-exit.o) (_global_impure_ptr)
/Applications/STM32CubeIDE.app/Contents/Eclipse/plugins/com.st.stm32cube.ide.mcu.externaltools.gnu-tools-for-stm32.9-2020-q2-update.macos64_2.0.0.202105311346/tools/bin/../lib/gcc/arm-none-eabi/9.3.1/../../../../arm-none-eabi/lib/thumb/v7e-m+fp/hard/libc_nano.a(lib_a-init.o)
                              /Applications/STM32CubeIDE.app/Contents/Eclipse/plugins/com.st.stm32cube.ide.mcu.externaltools.gnu-tools-for-stm32.9-2020-q2-update.macos64_2.0.0.202105311346/tools/bin/../lib/gcc/arm-none-eabi/9.3.1/../../../../arm-none-eabi/lib/thumb/v7e-m+fp/hard/crt0.o (__libc_init_array)
/Applications/STM32CubeIDE.app/Contents/Eclipse/plugins/com.st.stm32cube.ide.mcu.externaltools.gnu-tools-for-stm32.9-2020-q2-update.macos64_2.0.0.202105311346/tools/bin/../lib/gcc/arm-none-eabi/9.3.1/../../../../arm-none-eabi/lib/thumb/v7e-m+fp/hard/libc_nano.a(lib_a-memset.o)
                              /Applications/STM32CubeIDE.app/Contents/Eclipse/plugins/com.st.stm32cube.ide.mcu.externaltools.gnu-tools-for-stm32.9-2020-q2-update.macos64_2.0.0.202105311346/tools/bin/../lib/gcc/arm-none-eabi/9.3.1/../../../../arm-none-eabi/lib/thumb/v7e-m+fp/hard/crt0.o (memset)
/Applications/STM32CubeIDE.app/Contents/Eclipse/plugins/com.st.stm32cube.ide.mcu.externaltools.gnu-tools-for-stm32.9-2020-q2-update.macos64_2.0.0.202105311346/tools/bin/../lib/gcc/arm-none-eabi/9.3.1/thumb/v7e-m+fp/hard/libgcc.a(_aeabi_uldivmod.o)
                              ./Drivers/STM32F4xx_HAL_Driver/Src/stm32f4xx_hal_rcc.o (__aeabi_uldivmod)
/Applications/STM32CubeIDE.app/Contents/Eclipse/plugins/com.st.stm32cube.ide.mcu.externaltools.gnu-tools-for-stm32.9-2020-q2-update.macos64_2.0.0.202105311346/tools/bin/../lib/gcc/arm-none-eabi/9.3.1/thumb/v7e-m+fp/hard/libgcc.a(_udivmoddi4.o)
                              /Applications/STM32CubeIDE.app/Contents/Eclipse/plugins/com.st.stm32cube.ide.mcu.externaltools.gnu-tools-for-stm32.9-2020-q2-update.macos64_2.0.0.202105311346/tools/bin/../lib/gcc/arm-none-eabi/9.3.1/thumb/v7e-m+fp/hard/libgcc.a(_aeabi_uldivmod.o) (__udivmoddi4)
/Applications/STM32CubeIDE.app/Contents/Eclipse/plugins/com.st.stm32cube.ide.mcu.externaltools.gnu-tools-for-stm32.9-2020-q2-update.macos64_2.0.0.202105311346/tools/bin/../lib/gcc/arm-none-eabi/9.3.1/thumb/v7e-m+fp/hard/libgcc.a(_dvmd_tls.o)
                              /Applications/STM32CubeIDE.app/Contents/Eclipse/plugins/com.st.stm32cube.ide.mcu.externaltools.gnu-tools-for-stm32.9-2020-q2-update.macos64_2.0.0.202105311346/tools/bin/../lib/gcc/arm-none-eabi/9.3.1/thumb/v7e-m+fp/hard/libgcc.a(_aeabi_uldivmod.o) (__aeabi_ldiv0)

Allocating common symbols
Common symbol       size              file

hi2c3               0x54              ./Core/Src/main.o
pb2_pressed         0x1               ./Core/Src/main.o
gpio0_pol1          0x1               ./Core/Src/main.o
hi2c1               0x54              ./Core/Src/main.o
uwTick              0x4               ./Drivers/STM32F4xx_HAL_Driver/Src/stm32f4xx_hal.o
pFlash              0x20              ./Drivers/STM32F4xx_HAL_Driver/Src/stm32f4xx_hal_flash.o
htim3               0x48              ./Core/Src/main.o
gpio1_gp0           0x1               ./Core/Src/main.o
r                   0x1               ./Core/Src/main.o
gpio0_gp0           0x1               ./Core/Src/main.o
hadc1               0x48              ./Core/Src/main.o
hcan2               0x28              ./Core/Src/main.o
[...]
Memory Configuration

Name             Origin             Length             Attributes
RAM              0x0000000020000000 0x0000000000050000 xrw
FLASH            0x0000000008000000 0x0000000000100000 xr
*default*        0x0000000000000000 0xffffffffffffffff

Linker script and memory map

LOAD /Applications/STM32CubeIDE.app/Contents/Eclipse/plugins/com.st.stm32cube.ide.mcu.externaltools.gnu-tools-for-stm32.9-2020-q2-update.macos64_2.0.0.202105311346/tools/bin/../lib/gcc/arm-none-eabi/9.3.1/thumb/v7e-m+fp/hard/crti.o
LOAD /Applications/STM32CubeIDE.app/Contents/Eclipse/plugins/com.st.stm32cube.ide.mcu.externaltools.gnu-tools-for-stm32.9-2020-q2-update.macos64_2.0.0.202105311346/tools/bin/../lib/gcc/arm-none-eabi/9.3.1/thumb/v7e-m+fp/hard/crtbegin.o
LOAD /Applications/STM32CubeIDE.app/Contents/Eclipse/plugins/com.st.stm32cube.ide.mcu.externaltools.gnu-tools-for-stm32.9-2020-q2-update.macos64_2.0.0.202105311346/tools/bin/../lib/gcc/arm-none-eabi/9.3.1/../../../../arm-none-eabi/lib/thumb/v7e-m+fp/hard/crt0.o
LOAD ./Core/Src/main.o
LOAD ./Core/Src/stm32f4xx_hal_msp.o
LOAD ./Core/Src/stm32f4xx_it.o
LOAD ./Core/Src/syscalls.o
LOAD ./Core/Src/sysmem.o
LOAD ./Core/Src/system_stm32f4xx.o
LOAD ./Core/Startup/startup_stm32f413vgtx.o
LOAD ./Drivers/STM32F4xx_HAL_Driver/Src/stm32f4xx_hal.o
LOAD ./Drivers/STM32F4xx_HAL_Driver/Src/stm32f4xx_hal_adc.o
LOAD ./Drivers/STM32F4xx_HAL_Driver/Src/stm32f4xx_hal_adc_ex.o
LOAD ./Drivers/STM32F4xx_HAL_Driver/Src/stm32f4xx_hal_can.o
LOAD ./Drivers/STM32F4xx_HAL_Driver/Src/stm32f4xx_hal_cortex.o
LOAD ./Drivers/STM32F4xx_HAL_Driver/Src/stm32f4xx_hal_dma.o
LOAD ./Drivers/STM32F4xx_HAL_Driver/Src/stm32f4xx_hal_dma_ex.o
LOAD ./Drivers/STM32F4xx_HAL_Driver/Src/stm32f4xx_hal_exti.o
LOAD ./Drivers/STM32F4xx_HAL_Driver/Src/stm32f4xx_hal_flash.o
LOAD ./Drivers/STM32F4xx_HAL_Driver/Src/stm32f4xx_hal_flash_ex.o
LOAD ./Drivers/STM32F4xx_HAL_Driver/Src/stm32f4xx_hal_flash_ramfunc.o
LOAD ./Drivers/STM32F4xx_HAL_Driver/Src/stm32f4xx_hal_gpio.o
LOAD ./Drivers/STM32F4xx_HAL_Driver/Src/stm32f4xx_hal_i2c.o
LOAD ./Drivers/STM32F4xx_HAL_Driver/Src/stm32f4xx_hal_i2c_ex.o
LOAD ./Drivers/STM32F4xx_HAL_Driver/Src/stm32f4xx_hal_pwr.o
LOAD ./Drivers/STM32F4xx_HAL_Driver/Src/stm32f4xx_hal_pwr_ex.o
LOAD ./Drivers/STM32F4xx_HAL_Driver/Src/stm32f4xx_hal_rcc.o
LOAD ./Drivers/STM32F4xx_HAL_Driver/Src/stm32f4xx_hal_rcc_ex.o
LOAD ./Drivers/STM32F4xx_HAL_Driver/Src/stm32f4xx_hal_tim.o
LOAD ./Drivers/STM32F4xx_HAL_Driver/Src/stm32f4xx_hal_tim_ex.o
LOAD ./Drivers/STM32F4xx_HAL_Driver/Src/stm32f4xx_hal_uart.o
LOAD ./Drivers/STM32F4xx_HAL_Driver/Src/stm32f4xx_ll_adc.o
START GROUP
LOAD /Applications/STM32CubeIDE.app/Contents/Eclipse/plugins/com.st.stm32cube.ide.mcu.externaltools.gnu-tools-for-stm32.9-2020-q2-update.macos64_2.0.0.202105311346/tools/bin/../lib/gcc/arm-none-eabi/9.3.1/../../../../arm-none-eabi/lib/thumb/v7e-m+fp/hard/libc_nano.a
LOAD /Applications/STM32CubeIDE.app/Contents/Eclipse/plugins/com.st.stm32cube.ide.mcu.externaltools.gnu-tools-for-stm32.9-2020-q2-update.macos64_2.0.0.202105311346/tools/bin/../lib/gcc/arm-none-eabi/9.3.1/../../../../arm-none-eabi/lib/thumb/v7e-m+fp/hard/libm.a
END GROUP
START GROUP
LOAD /Applications/STM32CubeIDE.app/Contents/Eclipse/plugins/com.st.stm32cube.ide.mcu.externaltools.gnu-tools-for-stm32.9-2020-q2-update.macos64_2.0.0.202105311346/tools/bin/../lib/gcc/arm-none-eabi/9.3.1/thumb/v7e-m+fp/hard/libgcc.a
LOAD /Applications/STM32CubeIDE.app/Contents/Eclipse/plugins/com.st.stm32cube.ide.mcu.externaltools.gnu-tools-for-stm32.9-2020-q2-update.macos64_2.0.0.202105311346/tools/bin/../lib/gcc/arm-none-eabi/9.3.1/../../../../arm-none-eabi/lib/thumb/v7e-m+fp/hard/libc_nano.a
END GROUP
START GROUP
LOAD /Applications/STM32CubeIDE.app/Contents/Eclipse/plugins/com.st.stm32cube.ide.mcu.externaltools.gnu-tools-for-stm32.9-2020-q2-update.macos64_2.0.0.202105311346/tools/bin/../lib/gcc/arm-none-eabi/9.3.1/thumb/v7e-m+fp/hard/libgcc.a
LOAD /Applications/STM32CubeIDE.app/Contents/Eclipse/plugins/com.st.stm32cube.ide.mcu.externaltools.gnu-tools-for-stm32.9-2020-q2-update.macos64_2.0.0.202105311346/tools/bin/../lib/gcc/arm-none-eabi/9.3.1/../../../../arm-none-eabi/lib/thumb/v7e-m+fp/hard/libc_nano.a
LOAD /Applications/STM32CubeIDE.app/Contents/Eclipse/plugins/com.st.stm32cube.ide.mcu.externaltools.gnu-tools-for-stm32.9-2020-q2-update.macos64_2.0.0.202105311346/tools/bin/../lib/gcc/arm-none-eabi/9.3.1/../../../../arm-none-eabi/lib/thumb/v7e-m+fp/hard/libnosys.a
END GROUP
START GROUP
LOAD /Applications/STM32CubeIDE.app/Contents/Eclipse/plugins/com.st.stm32cube.ide.mcu.externaltools.gnu-tools-for-stm32.9-2020-q2-update.macos64_2.0.0.202105311346/tools/bin/../lib/gcc/arm-none-eabi/9.3.1/thumb/v7e-m+fp/hard/libgcc.a
LOAD /Applications/STM32CubeIDE.app/Contents/Eclipse/plugins/com.st.stm32cube.ide.mcu.externaltools.gnu-tools-for-stm32.9-2020-q2-update.macos64_2.0.0.202105311346/tools/bin/../lib/gcc/arm-none-eabi/9.3.1/../../../../arm-none-eabi/lib/thumb/v7e-m+fp/hard/libc_nano.a
LOAD /Applications/STM32CubeIDE.app/Contents/Eclipse/plugins/com.st.stm32cube.ide.mcu.externaltools.gnu-tools-for-stm32.9-2020-q2-update.macos64_2.0.0.202105311346/tools/bin/../lib/gcc/arm-none-eabi/9.3.1/../../../../arm-none-eabi/lib/thumb/v7e-m+fp/hard/libnosys.a
END GROUP
LOAD /Applications/STM32CubeIDE.app/Contents/Eclipse/plugins/com.st.stm32cube.ide.mcu.externaltools.gnu-tools-for-stm32.9-2020-q2-update.macos64_2.0.0.202105311346/tools/bin/../lib/gcc/arm-none-eabi/9.3.1/thumb/v7e-m+fp/hard/crtend.o
LOAD /Applications/STM32CubeIDE.app/Contents/Eclipse/plugins/com.st.stm32cube.ide.mcu.externaltools.gnu-tools-for-stm32.9-2020-q2-update.macos64_2.0.0.202105311346/tools/bin/../lib/gcc/arm-none-eabi/9.3.1/thumb/v7e-m+fp/hard/crtn.o
                0x0000000020050000                _estack = (ORIGIN (RAM) + LENGTH (RAM))
                0x0000000000000200                _Min_Heap_Size = 0x200
                0x0000000000000400                _Min_Stack_Size = 0x400

.isr_vector     0x0000000008000000      0x1d8
                0x0000000008000000                . = ALIGN (0x4)
 *(.isr_vector)
 .isr_vector    0x0000000008000000      0x1d8 ./Core/Startup/startup_stm32f413vgtx.o
                0x0000000008000000                g_pfnVectors
                0x00000000080001d8                . = ALIGN (0x4)

.text           0x00000000080001d8     0x5194
                0x00000000080001d8                . = ALIGN (0x4)
 *(.text)
 .text          0x00000000080001d8       0x40 /Applications/STM32CubeIDE.app/Contents/Eclipse/plugins/com.st.stm32cube.ide.mcu.externaltools.gnu-tools-for-stm32.9-2020-q2-update.macos64_2.0.0.202105311346/tools/bin/../lib/gcc/arm-none-eabi/9.3.1/thumb/v7e-m+fp/hard/crtbegin.o
 .text          0x0000000008000218       0x30 /Applications/STM32CubeIDE.app/Contents/Eclipse/plugins/com.st.stm32cube.ide.mcu.externaltools.gnu-tools-for-stm32.9-2020-q2-update.macos64_2.0.0.202105311346/tools/bin/../lib/gcc/arm-none-eabi/9.3.1/thumb/v7e-m+fp/hard/libgcc.a(_aeabi_uldivmod.o)
                0x0000000008000218                __aeabi_uldivmod
 .text          0x0000000008000248      0x2c4 /Applications/STM32CubeIDE.app/Contents/Eclipse/plugins/com.st.stm32cube.ide.mcu.externaltools.gnu-tools-for-stm32.9-2020-q2-update.macos64_2.0.0.202105311346/tools/bin/../lib/gcc/arm-none-eabi/9.3.1/thumb/v7e-m+fp/hard/libgcc.a(_udivmoddi4.o)
                0x0000000008000248                __udivmoddi4
 .text          0x000000000800050c        0x4 /Applications/STM32CubeIDE.app/Contents/Eclipse/plugins/com.st.stm32cube.ide.mcu.externaltools.gnu-tools-for-stm32.9-2020-q2-update.macos64_2.0.0.202105311346/tools/bin/../lib/gcc/arm-none-eabi/9.3.1/thumb/v7e-m+fp/hard/libgcc.a(_dvmd_tls.o)
                0x000000000800050c                __aeabi_ldiv0
                0x000000000800050c                __aeabi_idiv0
 *(.text*)
 .text.GPIO_SendI2C
                0x0000000008000510       0x40 ./Core/Src/main.o
                0x0000000008000510                GPIO_SendI2C
 .text.InitGPIOs
                0x0000000008000550      0x1b0 ./Core/Src/main.o
                0x0000000008000550                InitGPIOs
 .text.DisableAllVoltages
                0x0000000008000700       0x3c ./Core/Src/main.o
                0x0000000008000700                DisableAllVoltages
 .text.EnableVoltage
                0x000000000800073c      0x10c ./Core/Src/main.o
                0x000000000800073c                EnableVoltage
 .text.DisableVolant24V
                0x0000000008000848       0x18 ./Core/Src/main.o
                0x0000000008000848                DisableVolant24V
 .text.SetLed   0x0000000008000860       0x74 ./Core/Src/main.o
                0x0000000008000860                SetLed
 .text.ToggleLed
                0x00000000080008d4       0x50 ./Core/Src/main.o
                0x00000000080008d4                ToggleLed
 .text.TransmitCAN
                0x0000000008000924       0x60 ./Core/Src/main.o
                0x0000000008000924                TransmitCAN
 .text.SendUART
                0x0000000008000984       0x28 ./Core/Src/main.o
                0x0000000008000984                SendUART
 .text.main     0x00000000080009ac      0x184 ./Core/Src/main.o
                0x00000000080009ac                main
 .text.SystemClock_Config
                0x0000000008000b30       0xbc ./Core/Src/main.o
                0x0000000008000b30                SystemClock_Config
 .text.MX_ADC1_Init
                0x0000000008000bec       0xa4 ./Core/Src/main.o
 .text.MX_CAN1_Init
                0x0000000008000c90       0xc4 ./Core/Src/main.o
 .text.MX_CAN2_Init
                0x0000000008000d54       0x68 ./Core/Src/main.o
 .text.MX_I2C1_Init
                0x0000000008000dbc       0x5c ./Core/Src/main.o
 .text.MX_I2C3_Init
                0x0000000008000e18       0x5c ./Core/Src/main.o
 .text.MX_TIM3_Init
                0x0000000008000e74       0xa0 ./Core/Src/main.o
 .text.MX_USART2_UART_Init
                0x0000000008000f14       0x54 ./Core/Src/main.o
 .text.MX_GPIO_Init
                0x0000000008000f68      0x194 ./Core/Src/main.o
 .text.HAL_GPIO_EXTI_Callback
                0x00000000080010fc       0x30 ./Core/Src/main.o
                0x00000000080010fc                HAL_GPIO_EXTI_Callback
 .text.Error_Handler
                0x000000000800112c        0xe ./Core/Src/main.o
                0x000000000800112c                Error_Handler
 *fill*         0x000000000800113a        0x2 
 .text.HAL_MspInit
                0x000000000800113c       0x50 ./Core/Src/stm32f4xx_hal_msp.o
                0x000000000800113c                HAL_MspInit
 .text.HAL_ADC_MspInit
                0x000000000800118c       0x98 ./Core/Src/stm32f4xx_hal_msp.o
                0x000000000800118c                HAL_ADC_MspInit
 .text.HAL_CAN_MspInit
                0x0000000008001224      0x110 ./Core/Src/stm32f4xx_hal_msp.o
                0x0000000008001224                HAL_CAN_MspInit
 .text.HAL_I2C_MspInit
                0x0000000008001334      0x140 ./Core/Src/stm32f4xx_hal_msp.o
                0x0000000008001334                HAL_I2C_MspInit
 .text.HAL_TIM_Base_MspInit
                0x0000000008001474       0x50 ./Core/Src/stm32f4xx_hal_msp.o
                0x0000000008001474                HAL_TIM_Base_MspInit
 .text.HAL_UART_MspInit
                0x00000000080014c4       0x90 ./Core/Src/stm32f4xx_hal_msp.o
                0x00000000080014c4                HAL_UART_MspInit
 .text.NMI_Handler
                0x0000000008001554        0xe ./Core/Src/stm32f4xx_it.o
                0x0000000008001554                NMI_Handler
 .text.HardFault_Handler
                0x0000000008001562        0x6 ./Core/Src/stm32f4xx_it.o
                0x0000000008001562                HardFault_Handler
 .text.MemManage_Handler
                0x0000000008001568        0x6 ./Core/Src/stm32f4xx_it.o
                0x0000000008001568                MemManage_Handler
 .text.BusFault_Handler
                0x000000000800156e        0x6 ./Core/Src/stm32f4xx_it.o
                0x000000000800156e                BusFault_Handler
 .text.UsageFault_Handler
                0x0000000008001574        0x6 ./Core/Src/stm32f4xx_it.o
                0x0000000008001574                UsageFault_Handler
 .text.SVC_Handler
                0x000000000800157a        0xe ./Core/Src/stm32f4xx_it.o
                0x000000000800157a                SVC_Handler
 .text.DebugMon_Handler
                0x0000000008001588        0xe ./Core/Src/stm32f4xx_it.o
                0x0000000008001588                DebugMon_Handler
 .text.PendSV_Handler
                0x0000000008001596        0xe ./Core/Src/stm32f4xx_it.o
                0x0000000008001596                PendSV_Handler
 .text.SysTick_Handler
                0x00000000080015a4        0xc ./Core/Src/stm32f4xx_it.o
                0x00000000080015a4                SysTick_Handler
 .text.ADC_IRQHandler
                0x00000000080015b0       0x14 ./Core/Src/stm32f4xx_it.o
                0x00000000080015b0                ADC_IRQHandler
 .text.CAN1_RX0_IRQHandler
                0x00000000080015c4       0x30 ./Core/Src/stm32f4xx_it.o
                0x00000000080015c4                CAN1_RX0_IRQHandler
 .text.TIM3_IRQHandler
                0x00000000080015f4       0x1c ./Core/Src/stm32f4xx_it.o
                0x00000000080015f4                TIM3_IRQHandler
 .text.EXTI15_10_IRQHandler
                0x0000000008001610       0x18 ./Core/Src/stm32f4xx_it.o
                0x0000000008001610                EXTI15_10_IRQHandler
 .text.SystemInit
                0x0000000008001628       0x2c ./Core/Src/system_stm32f4xx.o
                0x0000000008001628                SystemInit
 .text.Reset_Handler
                0x0000000008001654       0x50 ./Core/Startup/startup_stm32f413vgtx.o
                0x0000000008001654                Reset_Handler
 .text.Default_Handler
                0x00000000080016a4        0x2 ./Core/Startup/startup_stm32f413vgtx.o
                0x00000000080016a4                DMA1_Stream3_IRQHandler
                0x00000000080016a4                EXTI2_IRQHandler
                0x00000000080016a4                TIM8_CC_IRQHandler
                0x00000000080016a4                UART8_IRQHandler
                0x00000000080016a4                FMPI2C1_EV_IRQHandler
                0x00000000080016a4                SPI4_IRQHandler
                0x00000000080016a4                TIM1_CC_IRQHandler
                0x00000000080016a4                DMA2_Stream5_IRQHandler
                0x00000000080016a4                DMA1_Stream5_IRQHandler
                0x00000000080016a4                CAN3_RX1_IRQHandler
                0x00000000080016a4                PVD_IRQHandler
                0x00000000080016a4                SDIO_IRQHandler
                0x00000000080016a4                TAMP_STAMP_IRQHandler
                0x00000000080016a4                CAN2_RX1_IRQHandler
                0x00000000080016a4                EXTI3_IRQHandler
                0x00000000080016a4                TIM8_TRG_COM_TIM14_IRQHandler
                0x00000000080016a4                DFSDM1_FLT1_IRQHandler
                0x00000000080016a4                TIM1_UP_TIM10_IRQHandler
                0x00000000080016a4                TIM8_UP_TIM13_IRQHandler
                0x00000000080016a4                I2C3_ER_IRQHandler
                0x00000000080016a4                EXTI0_IRQHandler
                0x00000000080016a4                I2C2_EV_IRQHandler
                0x00000000080016a4                DMA1_Stream2_IRQHandler
                0x00000000080016a4                FPU_IRQHandler
                0x00000000080016a4                CAN3_SCE_IRQHandler
                0x00000000080016a4                CAN2_SCE_IRQHandler
                0x00000000080016a4                DMA2_Stream2_IRQHandler
                0x00000000080016a4                SPI1_IRQHandler
                0x00000000080016a4                TIM6_DAC_IRQHandler
                0x00000000080016a4                TIM1_BRK_TIM9_IRQHandler
                0x00000000080016a4                CAN2_RX0_IRQHandler
                0x00000000080016a4                DMA2_Stream3_IRQHandler
                0x00000000080016a4                USART6_IRQHandler
                0x00000000080016a4                CAN3_RX0_IRQHandler
                0x00000000080016a4                USART3_IRQHandler
                0x00000000080016a4                DFSDM2_FLT3_IRQHandler
                0x00000000080016a4                CAN1_RX1_IRQHandler
                0x00000000080016a4                UART5_IRQHandler
                0x00000000080016a4                DMA2_Stream0_IRQHandler
                0x00000000080016a4                TIM4_IRQHandler
                0x00000000080016a4                QUADSPI_IRQHandler
                0x00000000080016a4                I2C1_EV_IRQHandler
                0x00000000080016a4                DMA1_Stream6_IRQHandler
                0x00000000080016a4                DMA1_Stream1_IRQHandler
                0x00000000080016a4                UART4_IRQHandler
                0x00000000080016a4                RCC_IRQHandler
                0x00000000080016a4                UART9_IRQHandler
                0x00000000080016a4                TIM8_BRK_TIM12_IRQHandler
                0x00000000080016a4                Default_Handler
                0x00000000080016a4                DMA1_Stream7_IRQHandler
                0x00000000080016a4                DFSDM2_FLT0_IRQHandler
                0x00000000080016a4                SPI5_IRQHandler
                0x00000000080016a4                TIM7_IRQHandler
                0x00000000080016a4                CAN2_TX_IRQHandler
                0x00000000080016a4                TIM5_IRQHandler
                0x00000000080016a4                DMA2_Stream7_IRQHandler
                0x00000000080016a4                I2C3_EV_IRQHandler
                0x00000000080016a4                DFSDM2_FLT2_IRQHandler
                0x00000000080016a4                EXTI9_5_IRQHandler
                0x00000000080016a4                RTC_WKUP_IRQHandler
                0x00000000080016a4                SPI2_IRQHandler
                0x00000000080016a4                DMA1_Stream0_IRQHandler
                0x00000000080016a4                CAN1_TX_IRQHandler
                0x00000000080016a4                FMPI2C1_ER_IRQHandler
                0x00000000080016a4                EXTI4_IRQHandler
                0x00000000080016a4                DFSDM2_FLT1_IRQHandler
                0x00000000080016a4                RNG_IRQHandler
                0x00000000080016a4                FSMC_IRQHandler
                0x00000000080016a4                WWDG_IRQHandler
                0x00000000080016a4                CAN3_TX_IRQHandler
                0x00000000080016a4                TIM2_IRQHandler
                0x00000000080016a4                OTG_FS_WKUP_IRQHandler
                0x00000000080016a4                TIM1_TRG_COM_TIM11_IRQHandler
                0x00000000080016a4                EXTI1_IRQHandler
                0x00000000080016a4                UART7_IRQHandler
                0x00000000080016a4                USART2_IRQHandler
                0x00000000080016a4                DFSDM1_FLT0_IRQHandler
                0x00000000080016a4                I2C2_ER_IRQHandler
                0x00000000080016a4                DMA2_Stream1_IRQHandler
                0x00000000080016a4                CAN1_SCE_IRQHandler
                0x00000000080016a4                FLASH_IRQHandler
                0x00000000080016a4                DMA2_Stream4_IRQHandler
                0x00000000080016a4                USART1_IRQHandler
                0x00000000080016a4                OTG_FS_IRQHandler
                0x00000000080016a4                SPI3_IRQHandler
                0x00000000080016a4                DMA1_Stream4_IRQHandler
                0x00000000080016a4                I2C1_ER_IRQHandler
                0x00000000080016a4                LPTIM1_IRQHandler
                0x00000000080016a4                DMA2_Stream6_IRQHandler
                0x00000000080016a4                UART10_IRQHandler
                0x00000000080016a4                SAI1_IRQHandler
                0x00000000080016a4                RTC_Alarm_IRQHandler
 *fill*         0x00000000080016a6        0x2 
 .text.HAL_Init
                0x00000000080016a8       0x44 ./Drivers/STM32F4xx_HAL_Driver/Src/stm32f4xx_hal.o
                0x00000000080016a8                HAL_Init
 .text.HAL_InitTick
                0x00000000080016ec       0x60 ./Drivers/STM32F4xx_HAL_Driver/Src/stm32f4xx_hal.o
                0x00000000080016ec                HAL_InitTick
 .text.HAL_IncTick
                0x000000000800174c       0x28 ./Drivers/STM32F4xx_HAL_Driver/Src/stm32f4xx_hal.o
                0x000000000800174c                HAL_IncTick
 .text.HAL_GetTick
                0x0000000008001774       0x18 ./Drivers/STM32F4xx_HAL_Driver/Src/stm32f4xx_hal.o
                0x0000000008001774                HAL_GetTick
 .text.HAL_Delay
                0x000000000800178c       0x48 ./Drivers/STM32F4xx_HAL_Driver/Src/stm32f4xx_hal.o
                0x000000000800178c                HAL_Delay
 .text.HAL_ADC_Init
                0x00000000080017d4       0x86 ./Drivers/STM32F4xx_HAL_Driver/Src/stm32f4xx_hal_adc.o
                0x00000000080017d4                HAL_ADC_Init
 .text.HAL_ADC_IRQHandler
                0x000000000800185a      0x282 ./Drivers/STM32F4xx_HAL_Driver/Src/stm32f4xx_hal_adc.o
                0x000000000800185a                HAL_ADC_IRQHandler
 .text.HAL_ADC_ConvCpltCallback
                0x0000000008001adc       0x14 ./Drivers/STM32F4xx_HAL_Driver/Src/stm32f4xx_hal_adc.o
                0x0000000008001adc                HAL_ADC_ConvCpltCallback
 .text.HAL_ADC_LevelOutOfWindowCallback
                0x0000000008001af0       0x14 ./Drivers/STM32F4xx_HAL_Driver/Src/stm32f4xx_hal_adc.o
                0x0000000008001af0                HAL_ADC_LevelOutOfWindowCallback
 .text.HAL_ADC_ErrorCallback
                0x0000000008001b04       0x14 ./Drivers/STM32F4xx_HAL_Driver/Src/stm32f4xx_hal_adc.o
                0x0000000008001b04                HAL_ADC_ErrorCallback
 .text.HAL_ADC_ConfigChannel
                0x0000000008001b18      0x264 ./Drivers/STM32F4xx_HAL_Driver/Src/stm32f4xx_hal_adc.o
                0x0000000008001b18                HAL_ADC_ConfigChannel
 .text.ADC_Init
                0x0000000008001d7c      0x1f8 ./Drivers/STM32F4xx_HAL_Driver/Src/stm32f4xx_hal_adc.o
 .text.HAL_ADCEx_InjectedConvCpltCallback
                0x0000000008001f74       0x14 ./Drivers/STM32F4xx_HAL_Driver/Src/stm32f4xx_hal_adc_ex.o
                0x0000000008001f74                HAL_ADCEx_InjectedConvCpltCallback
 .text.HAL_CAN_Init
                0x0000000008001f88      0x1f6 ./Drivers/STM32F4xx_HAL_Driver/Src/stm32f4xx_hal_can.o
                0x0000000008001f88                HAL_CAN_Init
 *fill*         0x000000000800217e        0x2 
 .text.HAL_CAN_ConfigFilter
                0x0000000008002180      0x1d8 ./Drivers/STM32F4xx_HAL_Driver/Src/stm32f4xx_hal_can.o
                0x0000000008002180                HAL_CAN_ConfigFilter
 .text.HAL_CAN_Start
                0x0000000008002358       0x88 ./Drivers/STM32F4xx_HAL_Driver/Src/stm32f4xx_hal_can.o
                0x0000000008002358                HAL_CAN_Start
 .text.HAL_CAN_AddTxMessage
                0x00000000080023e0      0x1b6 ./Drivers/STM32F4xx_HAL_Driver/Src/stm32f4xx_hal_can.o
                0x00000000080023e0                HAL_CAN_AddTxMessage
 .text.HAL_CAN_GetRxMessage
                0x0000000008002596      0x224 ./Drivers/STM32F4xx_HAL_Driver/Src/stm32f4xx_hal_can.o
                0x0000000008002596                HAL_CAN_GetRxMessage
 .text.HAL_CAN_ActivateNotification
                0x00000000080027ba       0x4c ./Drivers/STM32F4xx_HAL_Driver/Src/stm32f4xx_hal_can.o
                0x00000000080027ba                HAL_CAN_ActivateNotification
 .text.HAL_CAN_IRQHandler
                0x0000000008002806      0x36e ./Drivers/STM32F4xx_HAL_Driver/Src/stm32f4xx_hal_can.o
                0x0000000008002806                HAL_CAN_IRQHandler
 .text.HAL_CAN_TxMailbox0CompleteCallback
                0x0000000008002b74       0x14 ./Drivers/STM32F4xx_HAL_Driver/Src/stm32f4xx_hal_can.o
                0x0000000008002b74                HAL_CAN_TxMailbox0CompleteCallback
 .text.HAL_CAN_TxMailbox1CompleteCallback
                0x0000000008002b88       0x14 ./Drivers/STM32F4xx_HAL_Driver/Src/stm32f4xx_hal_can.o
                0x0000000008002b88                HAL_CAN_TxMailbox1CompleteCallback
 .text.HAL_CAN_TxMailbox2CompleteCallback
                0x0000000008002b9c       0x14 ./Drivers/STM32F4xx_HAL_Driver/Src/stm32f4xx_hal_can.o
                0x0000000008002b9c                HAL_CAN_TxMailbox2CompleteCallback
 .text.HAL_CAN_TxMailbox0AbortCallback
                0x0000000008002bb0       0x14 ./Drivers/STM32F4xx_HAL_Driver/Src/stm32f4xx_hal_can.o
                0x0000000008002bb0                HAL_CAN_TxMailbox0AbortCallback
 .text.HAL_CAN_TxMailbox1AbortCallback
                0x0000000008002bc4       0x14 ./Drivers/STM32F4xx_HAL_Driver/Src/stm32f4xx_hal_can.o
                0x0000000008002bc4                HAL_CAN_TxMailbox1AbortCallback
 .text.HAL_CAN_TxMailbox2AbortCallback
                0x0000000008002bd8       0x14 ./Drivers/STM32F4xx_HAL_Driver/Src/stm32f4xx_hal_can.o
                0x0000000008002bd8                HAL_CAN_TxMailbox2AbortCallback
 .text.HAL_CAN_RxFifo0MsgPendingCallback
                0x0000000008002bec       0x14 ./Drivers/STM32F4xx_HAL_Driver/Src/stm32f4xx_hal_can.o
                0x0000000008002bec                HAL_CAN_RxFifo0MsgPendingCallback
 .text.HAL_CAN_RxFifo0FullCallback
                0x0000000008002c00       0x14 ./Drivers/STM32F4xx_HAL_Driver/Src/stm32f4xx_hal_can.o
                0x0000000008002c00                HAL_CAN_RxFifo0FullCallback
 .text.HAL_CAN_RxFifo1MsgPendingCallback
                0x0000000008002c14       0x14 ./Drivers/STM32F4xx_HAL_Driver/Src/stm32f4xx_hal_can.o
                0x0000000008002c14                HAL_CAN_RxFifo1MsgPendingCallback
 .text.HAL_CAN_RxFifo1FullCallback
                0x0000000008002c28       0x14 ./Drivers/STM32F4xx_HAL_Driver/Src/stm32f4xx_hal_can.o
                0x0000000008002c28                HAL_CAN_RxFifo1FullCallback
 .text.HAL_CAN_SleepCallback
                0x0000000008002c3c       0x14 ./Drivers/STM32F4xx_HAL_Driver/Src/stm32f4xx_hal_can.o
                0x0000000008002c3c                HAL_CAN_SleepCallback
 .text.HAL_CAN_WakeUpFromRxMsgCallback
                0x0000000008002c50       0x14 ./Drivers/STM32F4xx_HAL_Driver/Src/stm32f4xx_hal_can.o
                0x0000000008002c50                HAL_CAN_WakeUpFromRxMsgCallback
 .text.HAL_CAN_ErrorCallback
                0x0000000008002c64       0x14 ./Drivers/STM32F4xx_HAL_Driver/Src/stm32f4xx_hal_can.o
                0x0000000008002c64                HAL_CAN_ErrorCallback
 .text.__NVIC_SetPriorityGrouping
                0x0000000008002c78       0x48 ./Drivers/STM32F4xx_HAL_Driver/Src/stm32f4xx_hal_cortex.o
 .text.__NVIC_GetPriorityGrouping
                0x0000000008002cc0       0x1c ./Drivers/STM32F4xx_HAL_Driver/Src/stm32f4xx_hal_cortex.o
 .text.__NVIC_EnableIRQ
                0x0000000008002cdc       0x3c ./Drivers/STM32F4xx_HAL_Driver/Src/stm32f4xx_hal_cortex.o
 .text.__NVIC_SetPriority
                0x0000000008002d18       0x54 ./Drivers/STM32F4xx_HAL_Driver/Src/stm32f4xx_hal_cortex.o
 .text.NVIC_EncodePriority
                0x0000000008002d6c       0x66 ./Drivers/STM32F4xx_HAL_Driver/Src/stm32f4xx_hal_cortex.o
 *fill*         0x0000000008002dd2        0x2 
 .text.SysTick_Config
                0x0000000008002dd4       0x44 ./Drivers/STM32F4xx_HAL_Driver/Src/stm32f4xx_hal_cortex.o
 .text.HAL_NVIC_SetPriorityGrouping
                0x0000000008002e18       0x16 ./Drivers/STM32F4xx_HAL_Driver/Src/stm32f4xx_hal_cortex.o
                0x0000000008002e18                HAL_NVIC_SetPriorityGrouping
 .text.HAL_NVIC_SetPriority
                0x0000000008002e2e       0x38 ./Drivers/STM32F4xx_HAL_Driver/Src/stm32f4xx_hal_cortex.o
                0x0000000008002e2e                HAL_NVIC_SetPriority
 .text.HAL_NVIC_EnableIRQ
                0x0000000008002e66       0x1c ./Drivers/STM32F4xx_HAL_Driver/Src/stm32f4xx_hal_cortex.o
                0x0000000008002e66                HAL_NVIC_EnableIRQ
 .text.HAL_SYSTICK_Config
                0x0000000008002e82       0x18 ./Drivers/STM32F4xx_HAL_Driver/Src/stm32f4xx_hal_cortex.o
                0x0000000008002e82                HAL_SYSTICK_Config
 *fill*         0x0000000008002e9a        0x2 
 .text.HAL_GPIO_Init
                0x0000000008002e9c      0x328 ./Drivers/STM32F4xx_HAL_Driver/Src/stm32f4xx_hal_gpio.o
                0x0000000008002e9c                HAL_GPIO_Init
 .text.HAL_GPIO_ReadPin
                0x00000000080031c4       0x30 ./Drivers/STM32F4xx_HAL_Driver/Src/stm32f4xx_hal_gpio.o
                0x00000000080031c4                HAL_GPIO_ReadPin
 .text.HAL_GPIO_WritePin
                0x00000000080031f4       0x32 ./Drivers/STM32F4xx_HAL_Driver/Src/stm32f4xx_hal_gpio.o
                0x00000000080031f4                HAL_GPIO_WritePin
 *fill*         0x0000000008003226        0x2 
 .text.HAL_GPIO_EXTI_IRQHandler
                0x0000000008003228       0x30 ./Drivers/STM32F4xx_HAL_Driver/Src/stm32f4xx_hal_gpio.o
                0x0000000008003228                HAL_GPIO_EXTI_IRQHandler
 .text.HAL_I2C_Init
                0x0000000008003258      0x288 ./Drivers/STM32F4xx_HAL_Driver/Src/stm32f4xx_hal_i2c.o
                0x0000000008003258                HAL_I2C_Init
 .text.HAL_I2C_Master_Transmit
                0x00000000080034e0      0x1fc ./Drivers/STM32F4xx_HAL_Driver/Src/stm32f4xx_hal_i2c.o
                0x00000000080034e0                HAL_I2C_Master_Transmit
 .text.I2C_MasterRequestWrite
                0x00000000080036dc      0x104 ./Drivers/STM32F4xx_HAL_Driver/Src/stm32f4xx_hal_i2c.o
 .text.I2C_WaitOnFlagUntilTimeout
                0x00000000080037e0       0xae ./Drivers/STM32F4xx_HAL_Driver/Src/stm32f4xx_hal_i2c.o
 .text.I2C_WaitOnMasterAddressFlagUntilTimeout
                0x000000000800388e       0xfe ./Drivers/STM32F4xx_HAL_Driver/Src/stm32f4xx_hal_i2c.o
 .text.I2C_WaitOnTXEFlagUntilTimeout
                0x000000000800398c       0x82 ./Drivers/STM32F4xx_HAL_Driver/Src/stm32f4xx_hal_i2c.o
 .text.I2C_WaitOnBTFFlagUntilTimeout
                0x0000000008003a0e       0x82 ./Drivers/STM32F4xx_HAL_Driver/Src/stm32f4xx_hal_i2c.o
 .text.I2C_IsAcknowledgeFailed
                0x0000000008003a90       0x5e ./Drivers/STM32F4xx_HAL_Driver/Src/stm32f4xx_hal_i2c.o
 *fill*         0x0000000008003aee        0x2 
 .text.HAL_RCC_ClockConfig
                0x0000000008003af0      0x1cc ./Drivers/STM32F4xx_HAL_Driver/Src/stm32f4xx_hal_rcc.o
                0x0000000008003af0                HAL_RCC_ClockConfig
 .text.HAL_RCC_GetSysClockFreq
                0x0000000008003cbc      0x16c ./Drivers/STM32F4xx_HAL_Driver/Src/stm32f4xx_hal_rcc.o
                0x0000000008003cbc                HAL_RCC_GetSysClockFreq
 .text.HAL_RCC_GetHCLKFreq
                0x0000000008003e28       0x18 ./Drivers/STM32F4xx_HAL_Driver/Src/stm32f4xx_hal_rcc.o
                0x0000000008003e28                HAL_RCC_GetHCLKFreq
 .text.HAL_RCC_GetPCLK1Freq
                0x0000000008003e40       0x28 ./Drivers/STM32F4xx_HAL_Driver/Src/stm32f4xx_hal_rcc.o
                0x0000000008003e40                HAL_RCC_GetPCLK1Freq
 .text.HAL_RCC_GetPCLK2Freq
                0x0000000008003e68       0x28 ./Drivers/STM32F4xx_HAL_Driver/Src/stm32f4xx_hal_rcc.o
                0x0000000008003e68                HAL_RCC_GetPCLK2Freq
 .text.HAL_RCC_OscConfig
                0x0000000008003e90      0x508 ./Drivers/STM32F4xx_HAL_Driver/Src/stm32f4xx_hal_rcc_ex.o
                0x0000000008003e90                HAL_RCC_OscConfig
 .text.HAL_TIM_Base_Init
                0x0000000008004398       0x9e ./Drivers/STM32F4xx_HAL_Driver/Src/stm32f4xx_hal_tim.o
                0x0000000008004398                HAL_TIM_Base_Init
 *fill*         0x0000000008004436        0x2 
 .text.HAL_TIM_Base_Start_IT
                0x0000000008004438       0xe0 ./Drivers/STM32F4xx_HAL_Driver/Src/stm32f4xx_hal_tim.o
                0x0000000008004438                HAL_TIM_Base_Start_IT
 .text.HAL_TIM_IRQHandler
                0x0000000008004518      0x210 ./Drivers/STM32F4xx_HAL_Driver/Src/stm32f4xx_hal_tim.o
                0x0000000008004518                HAL_TIM_IRQHandler
 .text.HAL_TIM_ConfigClockSource
                0x0000000008004728      0x18e ./Drivers/STM32F4xx_HAL_Driver/Src/stm32f4xx_hal_tim.o
                0x0000000008004728                HAL_TIM_ConfigClockSource
 .text.HAL_TIM_PeriodElapsedCallback
                0x00000000080048b6       0x14 ./Drivers/STM32F4xx_HAL_Driver/Src/stm32f4xx_hal_tim.o
                0x00000000080048b6                HAL_TIM_PeriodElapsedCallback
 .text.HAL_TIM_OC_DelayElapsedCallback
                0x00000000080048ca       0x14 ./Drivers/STM32F4xx_HAL_Driver/Src/stm32f4xx_hal_tim.o
                0x00000000080048ca                HAL_TIM_OC_DelayElapsedCallback
 .text.HAL_TIM_IC_CaptureCallback
                0x00000000080048de       0x14 ./Drivers/STM32F4xx_HAL_Driver/Src/stm32f4xx_hal_tim.o
                0x00000000080048de                HAL_TIM_IC_CaptureCallback
 .text.HAL_TIM_PWM_PulseFinishedCallback
                0x00000000080048f2       0x14 ./Drivers/STM32F4xx_HAL_Driver/Src/stm32f4xx_hal_tim.o
                0x00000000080048f2                HAL_TIM_PWM_PulseFinishedCallback
 .text.HAL_TIM_TriggerCallback
                0x0000000008004906       0x14 ./Drivers/STM32F4xx_HAL_Driver/Src/stm32f4xx_hal_tim.o
                0x0000000008004906                HAL_TIM_TriggerCallback
 *fill*         0x000000000800491a        0x2 
 .text.TIM_Base_SetConfig
                0x000000000800491c      0x140 ./Drivers/STM32F4xx_HAL_Driver/Src/stm32f4xx_hal_tim.o
                0x000000000800491c                TIM_Base_SetConfig
 .text.TIM_TI1_ConfigInputStage
                0x0000000008004a5c       0x5e ./Drivers/STM32F4xx_HAL_Driver/Src/stm32f4xx_hal_tim.o
 .text.TIM_TI2_ConfigInputStage
                0x0000000008004aba       0x60 ./Drivers/STM32F4xx_HAL_Driver/Src/stm32f4xx_hal_tim.o
 .text.TIM_ITRx_SetConfig
                0x0000000008004b1a       0x36 ./Drivers/STM32F4xx_HAL_Driver/Src/stm32f4xx_hal_tim.o
 .text.TIM_ETR_SetConfig
                0x0000000008004b50       0x40 ./Drivers/STM32F4xx_HAL_Driver/Src/stm32f4xx_hal_tim.o
                0x0000000008004b50                TIM_ETR_SetConfig
 .text.HAL_TIMEx_MasterConfigSynchronization
                0x0000000008004b90       0xf8 ./Drivers/STM32F4xx_HAL_Driver/Src/stm32f4xx_hal_tim_ex.o
                0x0000000008004b90                HAL_TIMEx_MasterConfigSynchronization
 .text.HAL_TIMEx_CommutCallback
                0x0000000008004c88       0x14 ./Drivers/STM32F4xx_HAL_Driver/Src/stm32f4xx_hal_tim_ex.o
                0x0000000008004c88                HAL_TIMEx_CommutCallback
 .text.HAL_TIMEx_BreakCallback
                0x0000000008004c9c       0x14 ./Drivers/STM32F4xx_HAL_Driver/Src/stm32f4xx_hal_tim_ex.o
                0x0000000008004c9c                HAL_TIMEx_BreakCallback
 .text.HAL_UART_Init
                0x0000000008004cb0       0x9a ./Drivers/STM32F4xx_HAL_Driver/Src/stm32f4xx_hal_uart.o
                0x0000000008004cb0                HAL_UART_Init
 .text.HAL_UART_Transmit
                0x0000000008004d4a      0x124 ./Drivers/STM32F4xx_HAL_Driver/Src/stm32f4xx_hal_uart.o
                0x0000000008004d4a                HAL_UART_Transmit
 .text.UART_WaitOnFlagUntilTimeout
                0x0000000008004e6e       0xdc ./Drivers/STM32F4xx_HAL_Driver/Src/stm32f4xx_hal_uart.o
 *fill*         0x0000000008004f4a        0x2 
 .text.UART_SetConfig
                0x0000000008004f4c      0x3b0 ./Drivers/STM32F4xx_HAL_Driver/Src/stm32f4xx_hal_uart.o
 .text.__libc_init_array
                0x00000000080052fc       0x48 /Applications/STM32CubeIDE.app/Contents/Eclipse/plugins/com.st.stm32cube.ide.mcu.externaltools.gnu-tools-for-stm32.9-2020-q2-update.macos64_2.0.0.202105311346/tools/bin/../lib/gcc/arm-none-eabi/9.3.1/../../../../arm-none-eabi/lib/thumb/v7e-m+fp/hard/libc_nano.a(lib_a-init.o)
                0x00000000080052fc                __libc_init_array
 .text.memset   0x0000000008005344       0x10 /Applications/STM32CubeIDE.app/Contents/Eclipse/plugins/com.st.stm32cube.ide.mcu.externaltools.gnu-tools-for-stm32.9-2020-q2-update.macos64_2.0.0.202105311346/tools/bin/../lib/gcc/arm-none-eabi/9.3.1/../../../../arm-none-eabi/lib/thumb/v7e-m+fp/hard/libc_nano.a(lib_a-memset.o)
                0x0000000008005344                memset
 *(.glue_7)
 .glue_7        0x0000000008005354        0x0 linker stubs
 *(.glue_7t)
 .glue_7t       0x0000000008005354        0x0 linker stubs
 *(.eh_frame)
 .eh_frame      0x0000000008005354        0x0 /Applications/STM32CubeIDE.app/Contents/Eclipse/plugins/com.st.stm32cube.ide.mcu.externaltools.gnu-tools-for-stm32.9-2020-q2-update.macos64_2.0.0.202105311346/tools/bin/../lib/gcc/arm-none-eabi/9.3.1/thumb/v7e-m+fp/hard/crtbegin.o
 *(.init)
 .init          0x0000000008005354        0x4 /Applications/STM32CubeIDE.app/Contents/Eclipse/plugins/com.st.stm32cube.ide.mcu.externaltools.gnu-tools-for-stm32.9-2020-q2-update.macos64_2.0.0.202105311346/tools/bin/../lib/gcc/arm-none-eabi/9.3.1/thumb/v7e-m+fp/hard/crti.o
                0x0000000008005354                _init
 .init          0x0000000008005358        0x8 /Applications/STM32CubeIDE.app/Contents/Eclipse/plugins/com.st.stm32cube.ide.mcu.externaltools.gnu-tools-for-stm32.9-2020-q2-update.macos64_2.0.0.202105311346/tools/bin/../lib/gcc/arm-none-eabi/9.3.1/thumb/v7e-m+fp/hard/crtn.o
 *(.fini)
 .fini          0x0000000008005360        0x4 /Applications/STM32CubeIDE.app/Contents/Eclipse/plugins/com.st.stm32cube.ide.mcu.externaltools.gnu-tools-for-stm32.9-2020-q2-update.macos64_2.0.0.202105311346/tools/bin/../lib/gcc/arm-none-eabi/9.3.1/thumb/v7e-m+fp/hard/crti.o
                0x0000000008005360                _fini
 .fini          0x0000000008005364        0x8 /Applications/STM32CubeIDE.app/Contents/Eclipse/plugins/com.st.stm32cube.ide.mcu.externaltools.gnu-tools-for-stm32.9-2020-q2-update.macos64_2.0.0.202105311346/tools/bin/../lib/gcc/arm-none-eabi/9.3.1/thumb/v7e-m+fp/hard/crtn.o
                0x000000000800536c                . = ALIGN (0x4)
                0x000000000800536c                _etext = .

.vfp11_veneer   0x000000000800536c        0x0
 .vfp11_veneer  0x000000000800536c        0x0 linker stubs

.v4_bx          0x000000000800536c        0x0
 .v4_bx         0x000000000800536c        0x0 linker stubs

.iplt           0x000000000800536c        0x0
 .iplt          0x000000000800536c        0x0 /Applications/STM32CubeIDE.app/Contents/Eclipse/plugins/com.st.stm32cube.ide.mcu.externaltools.gnu-tools-for-stm32.9-2020-q2-update.macos64_2.0.0.202105311346/tools/bin/../lib/gcc/arm-none-eabi/9.3.1/thumb/v7e-m+fp/hard/crtbegin.o

.rodata         0x000000000800536c       0x28
                0x000000000800536c                . = ALIGN (0x4)
 *(.rodata)
 .rodata        0x000000000800536c        0xd ./Core/Src/main.o
 *(.rodata*)
 *fill*         0x0000000008005379        0x3 
 .rodata.AHBPrescTable
                0x000000000800537c       0x10 ./Core/Src/system_stm32f4xx.o
                0x000000000800537c                AHBPrescTable
 .rodata.APBPrescTable
                0x000000000800538c        0x8 ./Core/Src/system_stm32f4xx.o
                0x000000000800538c                APBPrescTable
                0x0000000008005394                . = ALIGN (0x4)

.ARM.extab      0x0000000008005394        0x0
                0x0000000008005394                . = ALIGN (0x4)
 *(.ARM.extab* .gnu.linkonce.armextab.*)
                0x0000000008005394                . = ALIGN (0x4)

.ARM            0x0000000008005394        0x8
                0x0000000008005394                . = ALIGN (0x4)
                0x0000000008005394                __exidx_start = .
 *(.ARM.exidx*)
 .ARM.exidx     0x0000000008005394        0x8 /Applications/STM32CubeIDE.app/Contents/Eclipse/plugins/com.st.stm32cube.ide.mcu.externaltools.gnu-tools-for-stm32.9-2020-q2-update.macos64_2.0.0.202105311346/tools/bin/../lib/gcc/arm-none-eabi/9.3.1/thumb/v7e-m+fp/hard/libgcc.a(_udivmoddi4.o)
                0x000000000800539c                __exidx_end = .
                0x000000000800539c                . = ALIGN (0x4)

.rel.dyn        0x000000000800539c        0x0
 .rel.iplt      0x000000000800539c        0x0 /Applications/STM32CubeIDE.app/Contents/Eclipse/plugins/com.st.stm32cube.ide.mcu.externaltools.gnu-tools-for-stm32.9-2020-q2-update.macos64_2.0.0.202105311346/tools/bin/../lib/gcc/arm-none-eabi/9.3.1/thumb/v7e-m+fp/hard/crtbegin.o

.preinit_array  0x000000000800539c        0x0
                0x000000000800539c                . = ALIGN (0x4)
                0x000000000800539c                PROVIDE (__preinit_array_start = .)
 *(.preinit_array*)
                0x000000000800539c                PROVIDE (__preinit_array_end = .)
                0x000000000800539c                . = ALIGN (0x4)

.init_array     0x000000000800539c        0x4
                0x000000000800539c                . = ALIGN (0x4)
                0x000000000800539c                PROVIDE (__init_array_start = .)
 *(SORT_BY_NAME(.init_array.*))
 *(.init_array*)
 .init_array    0x000000000800539c        0x4 /Applications/STM32CubeIDE.app/Contents/Eclipse/plugins/com.st.stm32cube.ide.mcu.externaltools.gnu-tools-for-stm32.9-2020-q2-update.macos64_2.0.0.202105311346/tools/bin/../lib/gcc/arm-none-eabi/9.3.1/thumb/v7e-m+fp/hard/crtbegin.o
                0x00000000080053a0                PROVIDE (__init_array_end = .)
                0x00000000080053a0                . = ALIGN (0x4)

.fini_array     0x00000000080053a0        0x4
                0x00000000080053a0                . = ALIGN (0x4)
                [!provide]                        PROVIDE (__fini_array_start = .)
 *(SORT_BY_NAME(.fini_array.*))
 *(.fini_array*)
 .fini_array    0x00000000080053a0        0x4 /Applications/STM32CubeIDE.app/Contents/Eclipse/plugins/com.st.stm32cube.ide.mcu.externaltools.gnu-tools-for-stm32.9-2020-q2-update.macos64_2.0.0.202105311346/tools/bin/../lib/gcc/arm-none-eabi/9.3.1/thumb/v7e-m+fp/hard/crtbegin.o
                [!provide]                        PROVIDE (__fini_array_end = .)
                0x00000000080053a4                . = ALIGN (0x4)
                0x00000000080053a4                _sidata = LOADADDR (.data)

.data           0x0000000020000000        0xc load address 0x00000000080053a4
                0x0000000020000000                . = ALIGN (0x4)
                0x0000000020000000                _sdata = .
 *(.data)
 *(.data*)
 .data.SystemCoreClock
                0x0000000020000000        0x4 ./Core/Src/system_stm32f4xx.o
                0x0000000020000000                SystemCoreClock
 .data.uwTickPrio
                0x0000000020000004        0x4 ./Drivers/STM32F4xx_HAL_Driver/Src/stm32f4xx_hal.o
                0x0000000020000004                uwTickPrio
 .data.uwTickFreq
                0x0000000020000008        0x1 ./Drivers/STM32F4xx_HAL_Driver/Src/stm32f4xx_hal.o
                0x0000000020000008                uwTickFreq
                0x000000002000000c                . = ALIGN (0x4)
 *fill*         0x0000000020000009        0x3 
                0x000000002000000c                _edata = .

.igot.plt       0x000000002000000c        0x0 load address 0x00000000080053b0
 .igot.plt      0x000000002000000c        0x0 /Applications/STM32CubeIDE.app/Contents/Eclipse/plugins/com.st.stm32cube.ide.mcu.externaltools.gnu-tools-for-stm32.9-2020-q2-update.macos64_2.0.0.202105311346/tools/bin/../lib/gcc/arm-none-eabi/9.3.1/thumb/v7e-m+fp/hard/crtbegin.o
                0x000000002000000c                . = ALIGN (0x4)

.bss            0x000000002000000c      0x240 load address 0x00000000080053b0
                0x000000002000000c                _sbss = .
                0x000000002000000c                __bss_start__ = _sbss
 *(.bss)
 .bss           0x000000002000000c       0x1c /Applications/STM32CubeIDE.app/Contents/Eclipse/plugins/com.st.stm32cube.ide.mcu.externaltools.gnu-tools-for-stm32.9-2020-q2-update.macos64_2.0.0.202105311346/tools/bin/../lib/gcc/arm-none-eabi/9.3.1/thumb/v7e-m+fp/hard/crtbegin.o
 *(.bss*)
 .bss.x.9230    0x0000000020000028        0x1 ./Core/Src/main.o
 *(COMMON)
 *fill*         0x0000000020000029        0x3 
 COMMON         0x000000002000002c      0x219 ./Core/Src/main.o
                0x000000002000002c                hi2c3
                0x0000000020000080                pb2_pressed
                0x0000000020000081                gpio0_pol1
                0x0000000020000084                hi2c1
                0x00000000200000d8                htim3
                0x0000000020000120                gpio1_gp0
                0x0000000020000121                r
                0x0000000020000122                gpio0_gp0
                0x0000000020000124                hadc1
                0x000000002000016c                hcan2
                0x0000000020000194                gpio1_gp1
                0x0000000020000195                gpio0_gp1
                0x0000000020000196                gpio1_pol0
                0x0000000020000197                pb1_pressed
                0x0000000020000198                gpio0_pol0
                0x0000000020000199                gpio1_dir0
                0x000000002000019a                timer_flag
                0x000000002000019c                pRxHeader
                0x00000000200001b8                huart2
                0x00000000200001fc                hcan1
                0x0000000020000224                a
                0x0000000020000228                pHeader
                0x0000000020000240                gpio0_dir1
                0x0000000020000241                can1_recv_flag
                0x0000000020000242                gpio1_pol1
                0x0000000020000243                gpio0_dir0
                0x0000000020000244                gpio1_dir1
 *fill*         0x0000000020000245        0x3 
 COMMON         0x0000000020000248        0x4 ./Drivers/STM32F4xx_HAL_Driver/Src/stm32f4xx_hal.o
                0x0000000020000248                uwTick
                0x000000002000024c                . = ALIGN (0x4)
                0x000000002000024c                _ebss = .
                0x000000002000024c                __bss_end__ = _ebss

._user_heap_stack
                0x000000002000024c      0x604 load address 0x00000000080053b0
                0x0000000020000250                . = ALIGN (0x8)
 *fill*         0x000000002000024c        0x4 
                [!provide]                        PROVIDE (end = .)
                0x0000000020000250                PROVIDE (_end = .)
                0x0000000020000450                . = (. + _Min_Heap_Size)
 *fill*         0x0000000020000250      0x200 
                0x0000000020000850                . = (. + _Min_Stack_Size)
 *fill*         0x0000000020000450      0x400 
                0x0000000020000850                . = ALIGN (0x8)

/DISCARD/
 libc.a(*)
 libm.a(*)
 libgcc.a(*)

.ARM.attributes
                0x0000000000000000       0x30
 *(.ARM.attributes)
 .ARM.attributes
                0x0000000000000000       0x1e /Applications/STM32CubeIDE.app/Contents/Eclipse/plugins/com.st.stm32cube.ide.mcu.externaltools.gnu-tools-for-stm32.9-2020-q2-update.macos64_2.0.0.202105311346/tools/bin/../lib/gcc/arm-none-eabi/9.3.1/thumb/v7e-m+fp/hard/crti.o
 .ARM.attributes
                0x000000000000001e       0x34 /Applications/STM32CubeIDE.app/Contents/Eclipse/plugins/com.st.stm32cube.ide.mcu.externaltools.gnu-tools-for-stm32.9-2020-q2-update.macos64_2.0.0.202105311346/tools/bin/../lib/gcc/arm-none-eabi/9.3.1/thumb/v7e-m+fp/hard/crtbegin.o
 .ARM.attributes
                0x0000000000000052       0x34 ./Core/Src/main.o
 .ARM.attributes
                0x0000000000000086       0x34 ./Core/Src/stm32f4xx_hal_msp.o
 .ARM.attributes
                0x00000000000000ba       0x34 ./Core/Src/stm32f4xx_it.o
 .ARM.attributes
                0x00000000000000ee       0x34 ./Core/Src/system_stm32f4xx.o
 .ARM.attributes
                0x0000000000000122       0x21 ./Core/Startup/startup_stm32f413vgtx.o
 .ARM.attributes
                0x0000000000000143       0x34 ./Drivers/STM32F4xx_HAL_Driver/Src/stm32f4xx_hal.o
 .ARM.attributes
                0x0000000000000177       0x34 ./Drivers/STM32F4xx_HAL_Driver/Src/stm32f4xx_hal_adc.o
 .ARM.attributes
                0x00000000000001ab       0x34 ./Drivers/STM32F4xx_HAL_Driver/Src/stm32f4xx_hal_adc_ex.o
 .ARM.attributes
                0x00000000000001df       0x34 ./Drivers/STM32F4xx_HAL_Driver/Src/stm32f4xx_hal_can.o
 .ARM.attributes
                0x0000000000000213       0x34 ./Drivers/STM32F4xx_HAL_Driver/Src/stm32f4xx_hal_cortex.o
 .ARM.attributes
                0x0000000000000247       0x34 ./Drivers/STM32F4xx_HAL_Driver/Src/stm32f4xx_hal_gpio.o
 .ARM.attributes
                0x000000000000027b       0x34 ./Drivers/STM32F4xx_HAL_Driver/Src/stm32f4xx_hal_i2c.o
 .ARM.attributes
                0x00000000000002af       0x34 ./Drivers/STM32F4xx_HAL_Driver/Src/stm32f4xx_hal_rcc.o
 .ARM.attributes
                0x00000000000002e3       0x34 ./Drivers/STM32F4xx_HAL_Driver/Src/stm32f4xx_hal_rcc_ex.o
 .ARM.attributes
                0x0000000000000317       0x34 ./Drivers/STM32F4xx_HAL_Driver/Src/stm32f4xx_hal_tim.o
 .ARM.attributes
                0x000000000000034b       0x34 ./Drivers/STM32F4xx_HAL_Driver/Src/stm32f4xx_hal_tim_ex.o
 .ARM.attributes
                0x000000000000037f       0x34 ./Drivers/STM32F4xx_HAL_Driver/Src/stm32f4xx_hal_uart.o
 .ARM.attributes
                0x00000000000003b3       0x34 /Applications/STM32CubeIDE.app/Contents/Eclipse/plugins/com.st.stm32cube.ide.mcu.externaltools.gnu-tools-for-stm32.9-2020-q2-update.macos64_2.0.0.202105311346/tools/bin/../lib/gcc/arm-none-eabi/9.3.1/../../../../arm-none-eabi/lib/thumb/v7e-m+fp/hard/libc_nano.a(lib_a-init.o)
 .ARM.attributes
                0x00000000000003e7       0x34 /Applications/STM32CubeIDE.app/Contents/Eclipse/plugins/com.st.stm32cube.ide.mcu.externaltools.gnu-tools-for-stm32.9-2020-q2-update.macos64_2.0.0.202105311346/tools/bin/../lib/gcc/arm-none-eabi/9.3.1/../../../../arm-none-eabi/lib/thumb/v7e-m+fp/hard/libc_nano.a(lib_a-memset.o)
 .ARM.attributes
                0x000000000000041b       0x1e /Applications/STM32CubeIDE.app/Contents/Eclipse/plugins/com.st.stm32cube.ide.mcu.externaltools.gnu-tools-for-stm32.9-2020-q2-update.macos64_2.0.0.202105311346/tools/bin/../lib/gcc/arm-none-eabi/9.3.1/thumb/v7e-m+fp/hard/libgcc.a(_aeabi_uldivmod.o)
 .ARM.attributes
                0x0000000000000439       0x34 /Applications/STM32CubeIDE.app/Contents/Eclipse/plugins/com.st.stm32cube.ide.mcu.externaltools.gnu-tools-for-stm32.9-2020-q2-update.macos64_2.0.0.202105311346/tools/bin/../lib/gcc/arm-none-eabi/9.3.1/thumb/v7e-m+fp/hard/libgcc.a(_udivmoddi4.o)
 .ARM.attributes
                0x000000000000046d       0x1e /Applications/STM32CubeIDE.app/Contents/Eclipse/plugins/com.st.stm32cube.ide.mcu.externaltools.gnu-tools-for-stm32.9-2020-q2-update.macos64_2.0.0.202105311346/tools/bin/../lib/gcc/arm-none-eabi/9.3.1/thumb/v7e-m+fp/hard/libgcc.a(_dvmd_tls.o)
 .ARM.attributes
                0x000000000000048b       0x1e /Applications/STM32CubeIDE.app/Contents/Eclipse/plugins/com.st.stm32cube.ide.mcu.externaltools.gnu-tools-for-stm32.9-2020-q2-update.macos64_2.0.0.202105311346/tools/bin/../lib/gcc/arm-none-eabi/9.3.1/thumb/v7e-m+fp/hard/crtn.o
OUTPUT(BackplaneC10.elf elf32-littlearm)
LOAD linker stubs
LOAD /Applications/STM32CubeIDE.app/Contents/Eclipse/plugins/com.st.stm32cube.ide.mcu.externaltools.gnu-tools-for-stm32.9-2020-q2-update.macos64_2.0.0.202105311346/tools/bin/../lib/gcc/arm-none-eabi/9.3.1/../../../../arm-none-eabi/lib/thumb/v7e-m+fp/hard/libc.a
LOAD /Applications/STM32CubeIDE.app/Contents/Eclipse/plugins/com.st.stm32cube.ide.mcu.externaltools.gnu-tools-for-stm32.9-2020-q2-update.macos64_2.0.0.202105311346/tools/bin/../lib/gcc/arm-none-eabi/9.3.1/../../../../arm-none-eabi/lib/thumb/v7e-m+fp/hard/libm.a
LOAD /Applications/STM32CubeIDE.app/Contents/Eclipse/plugins/com.st.stm32cube.ide.mcu.externaltools.gnu-tools-for-stm32.9-2020-q2-update.macos64_2.0.0.202105311346/tools/bin/../lib/gcc/arm-none-eabi/9.3.1/thumb/v7e-m+fp/hard/libgcc.a

.debug_info     0x0000000000000000    0x153a3
 .debug_info    0x0000000000000000     0x24b3 ./Core/Src/main.o
 .debug_info    0x00000000000024b3     0x1cf8 ./Core/Src/stm32f4xx_hal_msp.o
 .debug_info    0x00000000000041ab      0xfeb ./Core/Src/stm32f4xx_it.o
 .debug_info    0x0000000000005196      0x5dc ./Core/Src/system_stm32f4xx.o
 .debug_info    0x0000000000005772       0x22 ./Core/Startup/startup_stm32f413vgtx.o
 .debug_info    0x0000000000005794      0xa38 ./Drivers/STM32F4xx_HAL_Driver/Src/stm32f4xx_hal.o
 .debug_info    0x00000000000061cc      0xdbc ./Drivers/STM32F4xx_HAL_Driver/Src/stm32f4xx_hal_adc.o
 .debug_info    0x0000000000006f88      0xc22 ./Drivers/STM32F4xx_HAL_Driver/Src/stm32f4xx_hal_adc_ex.o
 .debug_info    0x0000000000007baa     0x1091 ./Drivers/STM32F4xx_HAL_Driver/Src/stm32f4xx_hal_can.o
 .debug_info    0x0000000000008c3b      0xf25 ./Drivers/STM32F4xx_HAL_Driver/Src/stm32f4xx_hal_cortex.o
 .debug_info    0x0000000000009b60      0x8ae ./Drivers/STM32F4xx_HAL_Driver/Src/stm32f4xx_hal_gpio.o
 .debug_info    0x000000000000a40e     0x265b ./Drivers/STM32F4xx_HAL_Driver/Src/stm32f4xx_hal_i2c.o
 .debug_info    0x000000000000ca69      0x9db ./Drivers/STM32F4xx_HAL_Driver/Src/stm32f4xx_hal_rcc.o
 .debug_info    0x000000000000d444      0x90c ./Drivers/STM32F4xx_HAL_Driver/Src/stm32f4xx_hal_rcc_ex.o
 .debug_info    0x000000000000dd50     0x2c22 ./Drivers/STM32F4xx_HAL_Driver/Src/stm32f4xx_hal_tim.o
 .debug_info    0x0000000000010972     0x1853 ./Drivers/STM32F4xx_HAL_Driver/Src/stm32f4xx_hal_tim_ex.o
 .debug_info    0x00000000000121c5     0x31de ./Drivers/STM32F4xx_HAL_Driver/Src/stm32f4xx_hal_uart.o

.debug_abbrev   0x0000000000000000     0x2533
 .debug_abbrev  0x0000000000000000      0x359 ./Core/Src/main.o
 .debug_abbrev  0x0000000000000359      0x25d ./Core/Src/stm32f4xx_hal_msp.o
 .debug_abbrev  0x00000000000005b6      0x1de ./Core/Src/stm32f4xx_it.o
 .debug_abbrev  0x0000000000000794      0x145 ./Core/Src/system_stm32f4xx.o
 .debug_abbrev  0x00000000000008d9       0x12 ./Core/Startup/startup_stm32f413vgtx.o
 .debug_abbrev  0x00000000000008eb      0x1ed ./Drivers/STM32F4xx_HAL_Driver/Src/stm32f4xx_hal.o
 .debug_abbrev  0x0000000000000ad8      0x22f ./Drivers/STM32F4xx_HAL_Driver/Src/stm32f4xx_hal_adc.o
 .debug_abbrev  0x0000000000000d07      0x24a ./Drivers/STM32F4xx_HAL_Driver/Src/stm32f4xx_hal_adc_ex.o
 .debug_abbrev  0x0000000000000f51      0x246 ./Drivers/STM32F4xx_HAL_Driver/Src/stm32f4xx_hal_can.o
 .debug_abbrev  0x0000000000001197      0x33c ./Drivers/STM32F4xx_HAL_Driver/Src/stm32f4xx_hal_cortex.o
 .debug_abbrev  0x00000000000014d3      0x1f1 ./Drivers/STM32F4xx_HAL_Driver/Src/stm32f4xx_hal_gpio.o
 .debug_abbrev  0x00000000000016c4      0x282 ./Drivers/STM32F4xx_HAL_Driver/Src/stm32f4xx_hal_i2c.o
 .debug_abbrev  0x0000000000001946      0x275 ./Drivers/STM32F4xx_HAL_Driver/Src/stm32f4xx_hal_rcc.o
 .debug_abbrev  0x0000000000001bbb      0x1c0 ./Drivers/STM32F4xx_HAL_Driver/Src/stm32f4xx_hal_rcc_ex.o
 .debug_abbrev  0x0000000000001d7b      0x25e ./Drivers/STM32F4xx_HAL_Driver/Src/stm32f4xx_hal_tim.o
 .debug_abbrev  0x0000000000001fd9      0x26f ./Drivers/STM32F4xx_HAL_Driver/Src/stm32f4xx_hal_tim_ex.o
 .debug_abbrev  0x0000000000002248      0x2eb ./Drivers/STM32F4xx_HAL_Driver/Src/stm32f4xx_hal_uart.o

.debug_aranges  0x0000000000000000     0x1200
 .debug_aranges
                0x0000000000000000       0xf0 ./Core/Src/main.o
 .debug_aranges
                0x00000000000000f0       0x70 ./Core/Src/stm32f4xx_hal_msp.o
 .debug_aranges
                0x0000000000000160       0x80 ./Core/Src/stm32f4xx_it.o
 .debug_aranges
                0x00000000000001e0       0x28 ./Core/Src/system_stm32f4xx.o
 .debug_aranges
                0x0000000000000208       0x28 ./Core/Startup/startup_stm32f413vgtx.o
 .debug_aranges
                0x0000000000000230       0xf0 ./Drivers/STM32F4xx_HAL_Driver/Src/stm32f4xx_hal.o
 .debug_aranges
                0x0000000000000320       0xe8 ./Drivers/STM32F4xx_HAL_Driver/Src/stm32f4xx_hal_adc.o
 .debug_aranges
                0x0000000000000408       0x90 ./Drivers/STM32F4xx_HAL_Driver/Src/stm32f4xx_hal_adc_ex.o
 .debug_aranges
                0x0000000000000498      0x138 ./Drivers/STM32F4xx_HAL_Driver/Src/stm32f4xx_hal_can.o
 .debug_aranges
                0x00000000000005d0      0x118 ./Drivers/STM32F4xx_HAL_Driver/Src/stm32f4xx_hal_cortex.o
 .debug_aranges
                0x00000000000006e8       0x58 ./Drivers/STM32F4xx_HAL_Driver/Src/stm32f4xx_hal_gpio.o
 .debug_aranges
                0x0000000000000740      0x2a0 ./Drivers/STM32F4xx_HAL_Driver/Src/stm32f4xx_hal_i2c.o
 .debug_aranges
                0x00000000000009e0       0x88 ./Drivers/STM32F4xx_HAL_Driver/Src/stm32f4xx_hal_rcc.o
 .debug_aranges
                0x0000000000000a68       0x60 ./Drivers/STM32F4xx_HAL_Driver/Src/stm32f4xx_hal_rcc_ex.o
 .debug_aranges
                0x0000000000000ac8      0x3d0 ./Drivers/STM32F4xx_HAL_Driver/Src/stm32f4xx_hal_tim.o
 .debug_aranges
                0x0000000000000e98      0x168 ./Drivers/STM32F4xx_HAL_Driver/Src/stm32f4xx_hal_tim_ex.o
 .debug_aranges
                0x0000000000001000      0x200 ./Drivers/STM32F4xx_HAL_Driver/Src/stm32f4xx_hal_uart.o

.debug_ranges   0x0000000000000000     0x1150
 .debug_ranges  0x0000000000000000       0xe0 ./Core/Src/main.o
 .debug_ranges  0x00000000000000e0       0x60 ./Core/Src/stm32f4xx_hal_msp.o
 .debug_ranges  0x0000000000000140       0x70 ./Core/Src/stm32f4xx_it.o
 .debug_ranges  0x00000000000001b0       0x18 ./Core/Src/system_stm32f4xx.o
 .debug_ranges  0x00000000000001c8       0x20 ./Core/Startup/startup_stm32f413vgtx.o
 .debug_ranges  0x00000000000001e8       0xe0 ./Drivers/STM32F4xx_HAL_Driver/Src/stm32f4xx_hal.o
 .debug_ranges  0x00000000000002c8       0xd8 ./Drivers/STM32F4xx_HAL_Driver/Src/stm32f4xx_hal_adc.o
 .debug_ranges  0x00000000000003a0       0x80 ./Drivers/STM32F4xx_HAL_Driver/Src/stm32f4xx_hal_adc_ex.o
 .debug_ranges  0x0000000000000420      0x128 ./Drivers/STM32F4xx_HAL_Driver/Src/stm32f4xx_hal_can.o
 .debug_ranges  0x0000000000000548      0x108 ./Drivers/STM32F4xx_HAL_Driver/Src/stm32f4xx_hal_cortex.o
 .debug_ranges  0x0000000000000650       0x48 ./Drivers/STM32F4xx_HAL_Driver/Src/stm32f4xx_hal_gpio.o
 .debug_ranges  0x0000000000000698      0x2b8 ./Drivers/STM32F4xx_HAL_Driver/Src/stm32f4xx_hal_i2c.o
 .debug_ranges  0x0000000000000950       0x78 ./Drivers/STM32F4xx_HAL_Driver/Src/stm32f4xx_hal_rcc.o
 .debug_ranges  0x00000000000009c8       0x50 ./Drivers/STM32F4xx_HAL_Driver/Src/stm32f4xx_hal_rcc_ex.o
 .debug_ranges  0x0000000000000a18      0x3c0 ./Drivers/STM32F4xx_HAL_Driver/Src/stm32f4xx_hal_tim.o
 .debug_ranges  0x0000000000000dd8      0x158 ./Drivers/STM32F4xx_HAL_Driver/Src/stm32f4xx_hal_tim_ex.o
 .debug_ranges  0x0000000000000f30      0x220 ./Drivers/STM32F4xx_HAL_Driver/Src/stm32f4xx_hal_uart.o

.debug_macro    0x0000000000000000    0x2278e
 .debug_macro   0x0000000000000000      0x2b2 ./Core/Src/main.o
 .debug_macro   0x00000000000002b2      0xaa8 ./Core/Src/main.o
 .debug_macro   0x0000000000000d5a      0x2ad ./Core/Src/main.o
 .debug_macro   0x0000000000001007       0x2e ./Core/Src/main.o
 .debug_macro   0x0000000000001035       0x28 ./Core/Src/main.o
 .debug_macro   0x000000000000105d       0x22 ./Core/Src/main.o
 .debug_macro   0x000000000000107f       0x8e ./Core/Src/main.o
 .debug_macro   0x000000000000110d       0x51 ./Core/Src/main.o
 .debug_macro   0x000000000000115e      0x103 ./Core/Src/main.o
 .debug_macro   0x0000000000001261       0x6a ./Core/Src/main.o
 .debug_macro   0x00000000000012cb      0x1df ./Core/Src/main.o
 .debug_macro   0x00000000000014aa       0x1c ./Core/Src/main.o
 .debug_macro   0x00000000000014c6       0x22 ./Core/Src/main.o
 .debug_macro   0x00000000000014e8       0xdf ./Core/Src/main.o
 .debug_macro   0x00000000000015c7     0x102d ./Core/Src/main.o
 .debug_macro   0x00000000000025f4      0x11f ./Core/Src/main.o
 .debug_macro   0x0000000000002713    0x15a8b ./Core/Src/main.o
 .debug_macro   0x000000000001819e       0x6d ./Core/Src/main.o
 .debug_macro   0x000000000001820b     0x3666 ./Core/Src/main.o
 .debug_macro   0x000000000001b871      0x174 ./Core/Src/main.o
 .debug_macro   0x000000000001b9e5       0x5c ./Core/Src/main.o
 .debug_macro   0x000000000001ba41      0xcdd ./Core/Src/main.o
 .debug_macro   0x000000000001c71e      0x9fe ./Core/Src/main.o
 .debug_macro   0x000000000001d11c      0x116 ./Core/Src/main.o
 .debug_macro   0x000000000001d232      0x202 ./Core/Src/main.o
 .debug_macro   0x000000000001d434       0xa5 ./Core/Src/main.o
 .debug_macro   0x000000000001d4d9      0x173 ./Core/Src/main.o
 .debug_macro   0x000000000001d64c      0x2bf ./Core/Src/main.o
 .debug_macro   0x000000000001d90b       0x5f ./Core/Src/main.o
 .debug_macro   0x000000000001d96a      0x236 ./Core/Src/main.o
 .debug_macro   0x000000000001dba0      0x9e1 ./Core/Src/main.o
 .debug_macro   0x000000000001e581      0x38b ./Core/Src/main.o
 .debug_macro   0x000000000001e90c      0x17d ./Core/Src/main.o
 .debug_macro   0x000000000001ea89       0xf9 ./Core/Src/main.o
 .debug_macro   0x000000000001eb82      0x40f ./Core/Src/main.o
 .debug_macro   0x000000000001ef91      0x132 ./Core/Src/main.o
 .debug_macro   0x000000000001f0c3      0x30c ./Core/Src/main.o
 .debug_macro   0x000000000001f3cf       0x2e ./Core/Src/main.o
 .debug_macro   0x000000000001f3fd      0x1b5 ./Core/Src/main.o
 .debug_macro   0x000000000001f5b2       0x22 ./Core/Src/main.o
 .debug_macro   0x000000000001f5d4       0xd6 ./Core/Src/main.o
 .debug_macro   0x000000000001f6aa      0x11a ./Core/Src/main.o
 .debug_macro   0x000000000001f7c4       0x91 ./Core/Src/main.o
 .debug_macro   0x000000000001f855       0x89 ./Core/Src/main.o
 .debug_macro   0x000000000001f8de      0x8d1 ./Core/Src/main.o
 .debug_macro   0x00000000000201af       0x71 ./Core/Src/main.o
 .debug_macro   0x0000000000020220      0x295 ./Core/Src/main.o
 .debug_macro   0x00000000000204b5      0x134 ./Core/Src/main.o
 .debug_macro   0x00000000000205e9      0x124 ./Core/Src/main.o
 .debug_macro   0x000000000002070d      0x228 ./Core/Src/stm32f4xx_hal_msp.o
 .debug_macro   0x0000000000020935      0x232 ./Core/Src/stm32f4xx_it.o
 .debug_macro   0x0000000000020b67      0x21f ./Core/Src/system_stm32f4xx.o
 .debug_macro   0x0000000000020d86      0x279 ./Drivers/STM32F4xx_HAL_Driver/Src/stm32f4xx_hal.o
 .debug_macro   0x0000000000020fff      0x21a ./Drivers/STM32F4xx_HAL_Driver/Src/stm32f4xx_hal_adc.o
 .debug_macro   0x0000000000021219      0x219 ./Drivers/STM32F4xx_HAL_Driver/Src/stm32f4xx_hal_adc_ex.o
 .debug_macro   0x0000000000021432      0x221 ./Drivers/STM32F4xx_HAL_Driver/Src/stm32f4xx_hal_can.o
 .debug_macro   0x0000000000021653      0x219 ./Drivers/STM32F4xx_HAL_Driver/Src/stm32f4xx_hal_cortex.o
 .debug_macro   0x000000000002186c      0x21f ./Drivers/STM32F4xx_HAL_Driver/Src/stm32f4xx_hal_gpio.o
 .debug_macro   0x0000000000021a8b      0x260 ./Drivers/STM32F4xx_HAL_Driver/Src/stm32f4xx_hal_i2c.o
 .debug_macro   0x0000000000021ceb      0x23d ./Drivers/STM32F4xx_HAL_Driver/Src/stm32f4xx_hal_rcc.o
 .debug_macro   0x0000000000021f28      0x219 ./Drivers/STM32F4xx_HAL_Driver/Src/stm32f4xx_hal_rcc_ex.o
 .debug_macro   0x0000000000022141      0x21a ./Drivers/STM32F4xx_HAL_Driver/Src/stm32f4xx_hal_tim.o
 .debug_macro   0x000000000002235b      0x219 ./Drivers/STM32F4xx_HAL_Driver/Src/stm32f4xx_hal_tim_ex.o
 .debug_macro   0x0000000000022574      0x21a ./Drivers/STM32F4xx_HAL_Driver/Src/stm32f4xx_hal_uart.o

.debug_line     0x0000000000000000    0x15515
 .debug_line    0x0000000000000000      0xd9c ./Core/Src/main.o
 .debug_line    0x0000000000000d9c      0x96a ./Core/Src/stm32f4xx_hal_msp.o
 .debug_line    0x0000000000001706      0x8ae ./Core/Src/stm32f4xx_it.o
 .debug_line    0x0000000000001fb4      0x80d ./Core/Src/system_stm32f4xx.o
 .debug_line    0x00000000000027c1       0x86 ./Core/Startup/startup_stm32f413vgtx.o
 .debug_line    0x0000000000002847      0xa6d ./Drivers/STM32F4xx_HAL_Driver/Src/stm32f4xx_hal.o
 .debug_line    0x00000000000032b4     0x1231 ./Drivers/STM32F4xx_HAL_Driver/Src/stm32f4xx_hal_adc.o
 .debug_line    0x00000000000044e5      0xf2d ./Drivers/STM32F4xx_HAL_Driver/Src/stm32f4xx_hal_adc_ex.o
 .debug_line    0x0000000000005412     0x11e6 ./Drivers/STM32F4xx_HAL_Driver/Src/stm32f4xx_hal_can.o
 .debug_line    0x00000000000065f8      0xd1c ./Drivers/STM32F4xx_HAL_Driver/Src/stm32f4xx_hal_cortex.o
 .debug_line    0x0000000000007314      0xbcf ./Drivers/STM32F4xx_HAL_Driver/Src/stm32f4xx_hal_gpio.o
 .debug_line    0x0000000000007ee3     0x3a19 ./Drivers/STM32F4xx_HAL_Driver/Src/stm32f4xx_hal_i2c.o
 .debug_line    0x000000000000b8fc      0xdf3 ./Drivers/STM32F4xx_HAL_Driver/Src/stm32f4xx_hal_rcc.o
 .debug_line    0x000000000000c6ef     0x1147 ./Drivers/STM32F4xx_HAL_Driver/Src/stm32f4xx_hal_rcc_ex.o
 .debug_line    0x000000000000d836     0x3761 ./Drivers/STM32F4xx_HAL_Driver/Src/stm32f4xx_hal_tim.o
 .debug_line    0x0000000000010f97     0x1a70 ./Drivers/STM32F4xx_HAL_Driver/Src/stm32f4xx_hal_tim_ex.o
 .debug_line    0x0000000000012a07     0x2b0e ./Drivers/STM32F4xx_HAL_Driver/Src/stm32f4xx_hal_uart.o

.debug_str      0x0000000000000000    0xdb443
 .debug_str     0x0000000000000000    0xd7462 ./Core/Src/main.o
                                      0xd7908 (size before relaxing)
 .debug_str     0x00000000000d7462      0x101 ./Core/Src/stm32f4xx_hal_msp.o
                                      0xd72c6 (size before relaxing)
 .debug_str     0x00000000000d7563       0xf6 ./Core/Src/stm32f4xx_it.o
                                      0xd679e (size before relaxing)
 .debug_str     0x00000000000d7659       0xc4 ./Core/Src/system_stm32f4xx.o
                                      0xd59e6 (size before relaxing)
 .debug_str     0x00000000000d771d       0x36 ./Core/Startup/startup_stm32f413vgtx.o
                                         0x72 (size before relaxing)
 .debug_str     0x00000000000d7753      0x57b ./Drivers/STM32F4xx_HAL_Driver/Src/stm32f4xx_hal.o
                                      0xd6565 (size before relaxing)
 .debug_str     0x00000000000d7cce      0x29d ./Drivers/STM32F4xx_HAL_Driver/Src/stm32f4xx_hal_adc.o
                                      0xd5f59 (size before relaxing)
 .debug_str     0x00000000000d7f6b      0x302 ./Drivers/STM32F4xx_HAL_Driver/Src/stm32f4xx_hal_adc_ex.o
                                      0xd5f93 (size before relaxing)
 .debug_str     0x00000000000d826d      0x47d ./Drivers/STM32F4xx_HAL_Driver/Src/stm32f4xx_hal_can.o
                                      0xd60b9 (size before relaxing)
 .debug_str     0x00000000000d86ea      0x392 ./Drivers/STM32F4xx_HAL_Driver/Src/stm32f4xx_hal_cortex.o
                                      0xd6330 (size before relaxing)
 .debug_str     0x00000000000d8a7c      0x148 ./Drivers/STM32F4xx_HAL_Driver/Src/stm32f4xx_hal_gpio.o
                                      0xd5b87 (size before relaxing)
 .debug_str     0x00000000000d8bc4      0xaa8 ./Drivers/STM32F4xx_HAL_Driver/Src/stm32f4xx_hal_i2c.o
                                      0xd6934 (size before relaxing)
 .debug_str     0x00000000000d966c      0x24e ./Drivers/STM32F4xx_HAL_Driver/Src/stm32f4xx_hal_rcc.o
                                      0xd5dd8 (size before relaxing)
 .debug_str     0x00000000000d98ba      0x2ba ./Drivers/STM32F4xx_HAL_Driver/Src/stm32f4xx_hal_rcc_ex.o
                                      0xd5d87 (size before relaxing)
 .debug_str     0x00000000000d9b74      0xde3 ./Drivers/STM32F4xx_HAL_Driver/Src/stm32f4xx_hal_tim.o
                                      0xd6cdc (size before relaxing)
 .debug_str     0x00000000000da957      0x4fc ./Drivers/STM32F4xx_HAL_Driver/Src/stm32f4xx_hal_tim_ex.o
                                      0xd65c2 (size before relaxing)
 .debug_str     0x00000000000dae53      0x5f0 ./Drivers/STM32F4xx_HAL_Driver/Src/stm32f4xx_hal_uart.o
                                      0xd6335 (size before relaxing)

.comment        0x0000000000000000       0x53
 .comment       0x0000000000000000       0x53 ./Core/Src/main.o
                                         0x54 (size before relaxing)
 .comment       0x0000000000000053       0x54 ./Core/Src/stm32f4xx_hal_msp.o
 .comment       0x0000000000000053       0x54 ./Core/Src/stm32f4xx_it.o
 .comment       0x0000000000000053       0x54 ./Core/Src/system_stm32f4xx.o
 .comment       0x0000000000000053       0x54 ./Drivers/STM32F4xx_HAL_Driver/Src/stm32f4xx_hal.o
 .comment       0x0000000000000053       0x54 ./Drivers/STM32F4xx_HAL_Driver/Src/stm32f4xx_hal_adc.o
 .comment       0x0000000000000053       0x54 ./Drivers/STM32F4xx_HAL_Driver/Src/stm32f4xx_hal_adc_ex.o
 .comment       0x0000000000000053       0x54 ./Drivers/STM32F4xx_HAL_Driver/Src/stm32f4xx_hal_can.o
 .comment       0x0000000000000053       0x54 ./Drivers/STM32F4xx_HAL_Driver/Src/stm32f4xx_hal_cortex.o
 .comment       0x0000000000000053       0x54 ./Drivers/STM32F4xx_HAL_Driver/Src/stm32f4xx_hal_gpio.o
 .comment       0x0000000000000053       0x54 ./Drivers/STM32F4xx_HAL_Driver/Src/stm32f4xx_hal_i2c.o
 .comment       0x0000000000000053       0x54 ./Drivers/STM32F4xx_HAL_Driver/Src/stm32f4xx_hal_rcc.o
 .comment       0x0000000000000053       0x54 ./Drivers/STM32F4xx_HAL_Driver/Src/stm32f4xx_hal_rcc_ex.o
 .comment       0x0000000000000053       0x54 ./Drivers/STM32F4xx_HAL_Driver/Src/stm32f4xx_hal_tim.o
 .comment       0x0000000000000053       0x54 ./Drivers/STM32F4xx_HAL_Driver/Src/stm32f4xx_hal_tim_ex.o
 .comment       0x0000000000000053       0x54 ./Drivers/STM32F4xx_HAL_Driver/Src/stm32f4xx_hal_uart.o

.debug_frame    0x0000000000000000     0x4dd4
 .debug_frame   0x0000000000000000      0x394 ./Core/Src/main.o
 .debug_frame   0x0000000000000394      0x1a0 ./Core/Src/stm32f4xx_hal_msp.o
 .debug_frame   0x0000000000000534      0x17c ./Core/Src/stm32f4xx_it.o
 .debug_frame   0x00000000000006b0       0x58 ./Core/Src/system_stm32f4xx.o
 .debug_frame   0x0000000000000708      0x374 ./Drivers/STM32F4xx_HAL_Driver/Src/stm32f4xx_hal.o
 .debug_frame   0x0000000000000a7c      0x3fc ./Drivers/STM32F4xx_HAL_Driver/Src/stm32f4xx_hal_adc.o
 .debug_frame   0x0000000000000e78      0x250 ./Drivers/STM32F4xx_HAL_Driver/Src/stm32f4xx_hal_adc_ex.o
 .debug_frame   0x00000000000010c8      0x5a0 ./Drivers/STM32F4xx_HAL_Driver/Src/stm32f4xx_hal_can.o
 .debug_frame   0x0000000000001668      0x498 ./Drivers/STM32F4xx_HAL_Driver/Src/stm32f4xx_hal_cortex.o
 .debug_frame   0x0000000000001b00      0x14c ./Drivers/STM32F4xx_HAL_Driver/Src/stm32f4xx_hal_gpio.o
 .debug_frame   0x0000000000001c4c      0xc5c ./Drivers/STM32F4xx_HAL_Driver/Src/stm32f4xx_hal_i2c.o
 .debug_frame   0x00000000000028a8      0x1ec ./Drivers/STM32F4xx_HAL_Driver/Src/stm32f4xx_hal_rcc.o
 .debug_frame   0x0000000000002a94      0x16c ./Drivers/STM32F4xx_HAL_Driver/Src/stm32f4xx_hal_rcc_ex.o
 .debug_frame   0x0000000000002c00     0x11c4 ./Drivers/STM32F4xx_HAL_Driver/Src/stm32f4xx_hal_tim.o
 .debug_frame   0x0000000000003dc4      0x638 ./Drivers/STM32F4xx_HAL_Driver/Src/stm32f4xx_hal_tim_ex.o
 .debug_frame   0x00000000000043fc      0x92c ./Drivers/STM32F4xx_HAL_Driver/Src/stm32f4xx_hal_uart.o
 .debug_frame   0x0000000000004d28       0x2c /Applications/STM32CubeIDE.app/Contents/Eclipse/plugins/com.st.stm32cube.ide.mcu.externaltools.gnu-tools-for-stm32.9-2020-q2-update.macos64_2.0.0.202105311346/tools/bin/../lib/gcc/arm-none-eabi/9.3.1/../../../../arm-none-eabi/lib/thumb/v7e-m+fp/hard/libc_nano.a(lib_a-init.o)
 .debug_frame   0x0000000000004d54       0x20 /Applications/STM32CubeIDE.app/Contents/Eclipse/plugins/com.st.stm32cube.ide.mcu.externaltools.gnu-tools-for-stm32.9-2020-q2-update.macos64_2.0.0.202105311346/tools/bin/../lib/gcc/arm-none-eabi/9.3.1/../../../../arm-none-eabi/lib/thumb/v7e-m+fp/hard/libc_nano.a(lib_a-memset.o)
 .debug_frame   0x0000000000004d74       0x2c /Applications/STM32CubeIDE.app/Contents/Eclipse/plugins/com.st.stm32cube.ide.mcu.externaltools.gnu-tools-for-stm32.9-2020-q2-update.macos64_2.0.0.202105311346/tools/bin/../lib/gcc/arm-none-eabi/9.3.1/thumb/v7e-m+fp/hard/libgcc.a(_aeabi_uldivmod.o)
 .debug_frame   0x0000000000004da0       0x34 /Applications/STM32CubeIDE.app/Contents/Eclipse/plugins/com.st.stm32cube.ide.mcu.externaltools.gnu-tools-for-stm32.9-2020-q2-update.macos64_2.0.0.202105311346/tools/bin/../lib/gcc/arm-none-eabi/9.3.1/thumb/v7e-m+fp/hard/libgcc.a(_udivmoddi4.o)
