main.c:211:19:GPIO_SendI2C	32	static
main.c:221:9:GPIO_ReadI2C	32	static
main.c:244:19:INA_SendI2C	32	static
main.c:255:10:INA_ReadI2C	40	static
main.c:281:6:InitGPIOs	16	static
main.c:334:6:DisableAllVoltages	8	static
main.c:348:6:EnableVoltage	24	static
main.c:380:6:DisableVoltage	24	static
main.c:412:6:EnableAllBoardVoltages	16	static
main.c:419:6:DisableAllBoardVoltages	16	static
main.c:426:6:EnableVolant24V	8	static
main.c:431:6:DisableVolant24V	8	static
main.c:436:6:SetLed	16	static
main.c:449:6:ToggleLed	24	static
main.c:459:6:HAL_CAN_RxFifo0MsgPendingCallback	16	static
main.c:477:19:TransmitCAN	24	static
main.c:496:6:BeepSpeaker	8	static
main.c:503:19:SendUART	16	static
main.c:508:6:EnableFT230Tx	8	static
main.c:512:6:DisableFT230Tx	8	static
main.c:516:6:ResetFT230	8	static
main.c:523:10:ReadCurrentINA226	24	static
main.c:529:10:ReadPowerINA226	24	static
main.c:542:5:main	48	static
main.c:716:6:SystemClock_Config	88	static
main.c:762:13:MX_ADC1_Init	24	static
main.c:813:13:MX_CAN1_Init	48	static
main.c:891:13:MX_CAN2_Init	8	static
main.c:928:13:MX_I2C1_Init	8	static
main.c:962:13:MX_I2C3_Init	8	static
main.c:996:13:MX_TIM3_Init	32	static
main.c:1041:13:MX_USART2_UART_Init	8	static
main.c:1074:13:MX_GPIO_Init	48	static
main.c:1147:6:HAL_GPIO_EXTI_Callback	16	static
main.c:1171:6:Error_Handler	4	static
