main.c:152:19:GPIO_SendI2C	32	static
main.c:162:9:GPIO_ReadI2C	32	static
main.c:185:6:InitGPIOs	8	static
main.c:232:6:DisableAllVoltages	8	static
main.c:246:6:EnableVoltage	24	static
main.c:281:6:DisableVoltage	24	static
main.c:316:6:EnableAllBoardVoltages	16	static
main.c:333:6:DisableAllBoardVoltages	16	static
main.c:350:6:EnableVolant24V	8	static
main.c:355:6:DisableVolant24V	8	static
main.c:360:6:SetLed	16	static
main.c:373:6:ToggleLed	24	static
main.c:382:19:TransmitCAN	48	static
main.c:407:5:main	24	static
main.c:580:6:SystemClock_Config	88	static
main.c:620:13:MX_ADC1_Init	24	static
main.c:671:13:MX_CAN1_Init	48	static
main.c:735:13:MX_CAN2_Init	8	static
main.c:772:13:MX_I2C1_Init	8	static
main.c:806:13:MX_I2C3_Init	8	static
main.c:840:13:MX_TIM3_Init	32	static
main.c:885:13:MX_UART8_Init	8	static
main.c:918:13:MX_GPIO_Init	48	static
main.c:981:6:HAL_GPIO_EXTI_Callback	16	static
main.c:1003:6:Error_Handler	4	static
