main.c:152:19:GPIO_SendI2C	32	static
main.c:162:9:GPIO_ReadI2C	32	static
main.c:185:6:InitGPIOs	8	static
main.c:232:6:DisableAllVoltages	8	static
main.c:246:6:EnableVoltage	24	static
main.c:282:6:DisableVoltage	24	static
main.c:318:6:EnableAllBoardVoltages	16	static
main.c:335:6:DisableAllBoardVoltages	16	static
main.c:352:6:EnableVolant24V	8	static
main.c:357:6:DisableVolant24V	8	static
main.c:362:6:SetLed	16	static
main.c:375:6:ToggleLed	24	static
main.c:384:19:TransmitCAN	48	static
main.c:409:5:main	24	static
main.c:570:6:SystemClock_Config	88	static
main.c:610:13:MX_ADC1_Init	24	static
main.c:661:13:MX_CAN1_Init	48	static
main.c:725:13:MX_CAN2_Init	8	static
main.c:762:13:MX_I2C1_Init	8	static
main.c:796:13:MX_I2C3_Init	8	static
main.c:830:13:MX_TIM3_Init	32	static
main.c:875:13:MX_UART8_Init	8	static
main.c:908:13:MX_GPIO_Init	48	static
main.c:971:6:HAL_GPIO_EXTI_Callback	16	static
main.c:995:6:Error_Handler	4	static
