main.c:207:19:GPIO_SendI2C	32	static
main.c:217:9:GPIO_ReadI2C	32	static
main.c:240:19:INA_SendI2C	32	static
main.c:251:10:INA_ReadI2C	40	static
main.c:277:6:InitGPIOs	16	static
main.c:330:6:DisableAllVoltages	8	static
main.c:344:6:EnableVoltage	24	static
main.c:376:6:DisableVoltage	24	static
main.c:408:6:EnableAllBoardVoltages	16	static
main.c:415:6:DisableAllBoardVoltages	16	static
main.c:422:6:EnableVolant24V	8	static
main.c:427:6:DisableVolant24V	8	static
main.c:432:6:SetLed	16	static
main.c:445:6:ToggleLed	24	static
main.c:454:19:TransmitCAN	48	static
main.c:473:6:BeepSpeaker	8	static
main.c:480:19:SendUART	16	static
main.c:485:6:EnableFT230Tx	8	static
main.c:489:6:DisableFT230Tx	8	static
main.c:493:6:ResetFT230	8	static
main.c:500:10:ReadCurrentINA226	24	static
main.c:506:10:ReadPowerINA226	24	static
main.c:519:5:main	48	static
main.c:693:6:SystemClock_Config	88	static
main.c:739:13:MX_ADC1_Init	24	static
main.c:790:13:MX_CAN1_Init	48	static
main.c:854:13:MX_CAN2_Init	8	static
main.c:891:13:MX_I2C1_Init	8	static
main.c:925:13:MX_I2C3_Init	8	static
main.c:959:13:MX_TIM3_Init	32	static
main.c:1004:13:MX_USART2_UART_Init	8	static
main.c:1037:13:MX_GPIO_Init	48	static
main.c:1110:6:HAL_GPIO_EXTI_Callback	16	static
main.c:1134:6:Error_Handler	4	static
