main.c:157:19:GPIO_SendI2C	32	static
main.c:167:9:GPIO_ReadI2C	32	static
main.c:190:6:InitGPIOs	16	static
main.c:243:6:DisableAllVoltages	8	static
main.c:257:6:EnableVoltage	24	static
main.c:289:6:DisableVoltage	24	static
main.c:321:6:EnableAllBoardVoltages	16	static
main.c:328:6:DisableAllBoardVoltages	16	static
main.c:335:6:EnableVolant24V	8	static
main.c:340:6:DisableVolant24V	8	static
main.c:345:6:SetLed	16	static
main.c:358:6:ToggleLed	24	static
main.c:367:19:TransmitCAN	48	static
main.c:386:6:BeepSpeaker	8	static
main.c:393:19:SendUART	16	static
main.c:404:5:main	48	static
main.c:578:6:SystemClock_Config	88	static
main.c:618:13:MX_ADC1_Init	24	static
main.c:669:13:MX_CAN1_Init	48	static
main.c:733:13:MX_CAN2_Init	8	static
main.c:770:13:MX_I2C1_Init	8	static
main.c:804:13:MX_I2C3_Init	8	static
main.c:838:13:MX_TIM3_Init	32	static
main.c:883:13:MX_USART2_UART_Init	8	static
main.c:916:13:MX_GPIO_Init	48	static
main.c:989:6:HAL_GPIO_EXTI_Callback	16	static
main.c:1013:6:Error_Handler	4	static
