main.c:149:19:GPIO_SendI2C	32	static
main.c:159:9:GPIO_ReadI2C	32	static
main.c:182:6:InitGPIOs	8	static
main.c:229:6:DisableAllVoltages	8	static
main.c:243:6:EnableVoltage	24	static
main.c:279:6:DisableVoltage	24	static
main.c:315:6:EnableAllBoardVoltages	16	static
main.c:332:6:DisableAllBoardVoltages	16	static
main.c:349:6:EnableVolant24V	8	static
main.c:354:6:DisableVolant24V	8	static
main.c:359:6:SetLed	16	static
main.c:372:6:ToggleLed	24	static
main.c:381:19:TransmitCAN	48	static
main.c:406:5:main	24	static
main.c:570:6:SystemClock_Config	88	static
main.c:610:13:MX_ADC1_Init	24	static
main.c:661:13:MX_CAN1_Init	48	static
main.c:725:13:MX_CAN2_Init	8	static
main.c:762:13:MX_I2C1_Init	8	static
main.c:796:13:MX_I2C3_Init	8	static
main.c:830:13:MX_TIM3_Init	32	static
main.c:875:13:MX_GPIO_Init	48	static
main.c:956:6:HAL_GPIO_EXTI_Callback	16	static
main.c:980:6:Error_Handler	4	static
